Archive member included to satisfy reference by file (symbol)

C:/devkitPro/libctru/lib\libctru.a(linear.o)
                              libmp3player.o (linearAlloc)
C:/devkitPro/libctru/lib\libctru.a(mem_pool.o)
                              C:/devkitPro/libctru/lib\libctru.a(linear.o) (MemPool::Allocate(MemChunk&, unsigned long, int))
C:/devkitPro/libctru/lib\libctru.a(console.o)
                              main.o (consoleInit)
C:/devkitPro/libctru/lib\libctru.a(gfx.o)
                              C:/devkitPro/libctru/lib\libctru.a(console.o) (gfxIsWide)
C:/devkitPro/libctru/lib\libctru.a(ndsp.o)
                              libmp3player.o (ndspSetOutputMode)
C:/devkitPro/libctru/lib\libctru.a(ndsp-channel.o)
                              libmp3player.o (ndspChnReset)
C:/devkitPro/libctru/lib\libctru.a(apt.o)
                              main.o (aptMainLoop)
C:/devkitPro/libctru/lib\libctru.a(cfgu.o)
                              C:/devkitPro/libctru/lib\libctru.a(ndsp.o) (cfguInit)
C:/devkitPro/libctru/lib\libctru.a(dsp.o)
                              C:/devkitPro/libctru/lib\libctru.a(ndsp.o) (dspInit)
C:/devkitPro/libctru/lib\libctru.a(fs.o)
                              main.o (fsInit)
C:/devkitPro/libctru/lib\libctru.a(gspgpu.o)
                              C:/devkitPro/libctru/lib\libctru.a(gfx.o) (gspInit)
C:/devkitPro/libctru/lib\libctru.a(hid.o)
                              main.o (hidScanInput)
C:/devkitPro/libctru/lib\libctru.a(irrst.o)
                              C:/devkitPro/libctru/lib\libctru.a(hid.o) (irrstInit)
C:/devkitPro/libctru/lib\libctru.a(rbtree_find.o)
                              C:/devkitPro/libctru/lib\libctru.a(linear.o) (rbtree_find)
C:/devkitPro/libctru/lib\libctru.a(rbtree_init.o)
                              C:/devkitPro/libctru/lib\libctru.a(linear.o) (rbtree_init)
C:/devkitPro/libctru/lib\libctru.a(rbtree_insert.o)
                              C:/devkitPro/libctru/lib\libctru.a(linear.o) (rbtree_insert)
C:/devkitPro/libctru/lib\libctru.a(rbtree_remove.o)
                              C:/devkitPro/libctru/lib\libctru.a(linear.o) (rbtree_remove)
C:/devkitPro/libctru/lib\libctru.a(rbtree_rotate.o)
                              C:/devkitPro/libctru/lib\libctru.a(rbtree_insert.o) (rbtree_rotate)
C:/devkitPro/libctru/lib\libctru.a(allocateHeaps.o)
                              C:/devkitPro/libctru/lib\libctru.a(linear.o) (__ctru_linear_heap_size)
C:/devkitPro/libctru/lib\libctru.a(ctru_init.o)
                              C:/devkitPro/libctru/lib\libctru.a(apt.o) (__system_retAddr)
C:/devkitPro/libctru/lib\libctru.a(initArgv.o)
                              C:/devkitPro/libctru/lib\libctru.a(ctru_init.o) (__system_initArgv)
C:/devkitPro/libctru/lib\libctru.a(syscalls.o)
                              C:/devkitPro/libctru/lib\libctru.a(ctru_init.o) (__system_initSyscalls)
C:/devkitPro/libctru/lib\libctru.a(svc.o)
                              C:/devkitPro/libctru/lib\libctru.a(allocateHeaps.o) (svcControlMemory)
C:/devkitPro/libctru/lib\libctru.a(stack_adjust.o)
                              C:/devkitPro/devkitARM/bin/../lib/gcc/arm-none-eabi/15.1.0/../../../../arm-none-eabi/lib/armv6k/fpu/3dsx_crt0.o (initSystem)
C:/devkitPro/libctru/lib\libctru.a(default_font.bin.o)
                              C:/devkitPro/libctru/lib\libctru.a(console.o) (default_font_bin)
C:/devkitPro/libctru/lib\libctru.a(vram.o)
                              C:/devkitPro/libctru/lib\libctru.a(gfx.o) (vramAlloc)
C:/devkitPro/libctru/lib\libctru.a(3dslink.o)
                              C:/devkitPro/libctru/lib\libctru.a(initArgv.o) (__3dslink_host)
C:/devkitPro/libctru/lib\libctru.a(env.o)
                              C:/devkitPro/libctru/lib\libctru.a(ndsp.o) (envGetHandle)
C:/devkitPro/libctru/lib\libctru.a(os.o)
                              C:/devkitPro/libctru/lib\libctru.a(ndsp-channel.o) (osConvertVirtToPhys)
C:/devkitPro/libctru/lib\libctru.a(srv.o)
                              C:/devkitPro/libctru/lib\libctru.a(apt.o) (srvInit)
C:/devkitPro/libctru/lib\libctru.a(synchronization.o)
                              C:/devkitPro/libctru/lib\libctru.a(ctru_init.o) (__sync_init)
C:/devkitPro/libctru/lib\libctru.a(thread.o)
                              C:/devkitPro/libctru/lib\libctru.a(ndsp.o) (threadCreate)
C:/devkitPro/libctru/lib\libctru.a(mappable.o)
                              C:/devkitPro/libctru/lib\libctru.a(allocateHeaps.o) (mappableInit)
C:/devkitPro/libctru/lib\libctru.a(ptmsysm.o)
                              C:/devkitPro/libctru/lib\libctru.a(os.o) (ptmSysmInit)
C:/devkitPro/libctru/lib\libctru.a(srvpm.o)
                              C:/devkitPro/libctru/lib\libctru.a(srv.o) (srvPmGetSessionHandle)
C:/devkitPro/libctru/lib\libctru.a(soc_connect.o)
                              C:/devkitPro/libctru/lib\libctru.a(3dslink.o) (connect)
C:/devkitPro/libctru/lib\libctru.a(soc_socket.o)
                              C:/devkitPro/libctru/lib\libctru.a(3dslink.o) (socket)
[...]
Memory Configuration

Name             Origin             Length             Attributes
*default*        0x00000000         0xffffffff

Linker script and memory map

                0x00000000                        __sync_synchronize = __sync_synchronize_dmb
                0x00100000                        PROVIDE (__start__ = 0x100000)
                0x00100000                        . = __start__

.text           0x00100000    0x1e018
 *(.crt0)
 .crt0          0x00100000       0x94 C:/devkitPro/devkitARM/bin/../lib/gcc/arm-none-eabi/15.1.0/../../../../arm-none-eabi/lib/armv6k/fpu/3dsx_crt0.o
                0x00100000                _start
                0x00100008                __service_ptr
                0x0010000c                __apt_appid
                0x00100010                __heap_size
                0x00100014                __linear_heap_size
                0x00100018                __system_arglist
                0x0010001c                __system_runflags
 *(.init)
 .init          0x00100094        0xc C:/devkitPro/devkitARM/bin/../lib/gcc/arm-none-eabi/15.1.0/armv6k/fpu/crti.o
                0x00100094                _init
 .init          0x001000a0        0xc C:/devkitPro/devkitARM/bin/../lib/gcc/arm-none-eabi/15.1.0/armv6k/fpu/crtn.o
                0x001000ac                        . = ALIGN (0x4)
 *(.text)
 .text          0x001000ac      0x20c C:/devkitPro/devkitARM/bin/../lib/gcc/arm-none-eabi/15.1.0/armv6k/fpu\libgcc.a(_udivsi3.o)
                0x001000ac                __aeabi_uidiv
                0x001000ac                __udivsi3
                0x00100298                __aeabi_uidivmod
 .text          0x001002b8      0x240 C:/devkitPro/devkitARM/bin/../lib/gcc/arm-none-eabi/15.1.0/armv6k/fpu\libgcc.a(_divsi3.o)
                0x001002b8                __divsi3
                0x001002b8                __aeabi_idiv
                0x001004d8                __aeabi_idivmod
 .text          0x001004f8        0x4 C:/devkitPro/devkitARM/bin/../lib/gcc/arm-none-eabi/15.1.0/armv6k/fpu\libgcc.a(_dvmd_tls.o)
                0x001004f8                __aeabi_idiv0
                0x001004f8                __aeabi_ldiv0
 .text          0x001004fc       0x3c C:/devkitPro/devkitARM/bin/../lib/gcc/arm-none-eabi/15.1.0/armv6k/fpu\libgcc.a(_aeabi_uldivmod.o)
                0x001004fc                __aeabi_uldivmod
 *fill*         0x00100538        0x8 
 .text          0x00100540      0x390 C:/devkitPro/devkitARM/bin/../lib/gcc/arm-none-eabi/15.1.0/../../../../arm-none-eabi/lib/armv6k/fpu\libg.a(libc_a-strcmp.o)
                0x00100548                strcmp
 *(.text.*)
 .text.__do_global_dtors_aux
                0x001008d0       0x50 C:/devkitPro/devkitARM/bin/../lib/gcc/arm-none-eabi/15.1.0/armv6k/fpu/crtbegin.o
 .text.frame_dummy
                0x00100920       0x2c C:/devkitPro/devkitARM/bin/../lib/gcc/arm-none-eabi/15.1.0/armv6k/fpu/crtbegin.o
 .text._ZL17drmp3_bs_get_bitsP8drmp3_bsi
                0x0010094c       0x9c libmp3player.o
 .text._ZL23drmp3_L3_read_side_infoP8drmp3_bsP16drmp3_L3_gr_infoPKh
                0x001009e8      0x348 libmp3player.o
 .text._ZL15drmp3_L3_dct3_9Pf
                0x00100d30      0x144 libmp3player.o
 .text._ZL16drmp3_L3_imdct36PfS_PKfi
                0x00100e74      0x17c libmp3player.o
 .text._ZL16drmp3_L3_imdct12PfS_S_
                0x00100ff0      0x100 libmp3player.o
 .text._ZL17drmp3d_synth_pairPsiPKf
                0x001010f0      0x1b0 libmp3player.o
 .text._ZL14drmp3__on_metaP5drmp319drmp3_metadata_typePKvj
                0x001012a0       0x44 libmp3player.o
 .text._ZL20drmp3d_synth_granulePfS_iiPsS_
                0x001012e4      0x9e8 libmp3player.o
 .text._ZL29drmp3__realloc_from_callbacksPvjjPK26drmp3_allocation_callbacks
                0x00101ccc       0xac libmp3player.o
 .text._ZL14drmp3__on_readP5drmp3Pvj
                0x00101d78       0xa0 libmp3player.o
 .text._ZL22drmp3__on_read_clampedP5drmp3Pvj
                0x00101e18       0xa4 libmp3player.o
 .text._ZL19drmp3__free_defaultPvS_
                0x00101ebc        0x4 libmp3player.o
 .text._ZL22drmp3__realloc_defaultPvjS_
                0x00101ec0        0x4 libmp3player.o
 .text._ZL21drmp3__malloc_defaultjPv
                0x00101ec4        0x4 libmp3player.o
 .text._ZL20drmp3__on_seek_stdioPvi17drmp3_seek_origin
                0x00101ec8       0x28 libmp3player.o
 .text._ZL20drmp3__on_read_stdioPvS_j
                0x00101ef0       0x10 libmp3player.o
 .text._ZL20drmp3__on_tell_stdioPvPx
                0x00101f00       0x80 libmp3player.o
 .text._ZL21drmp3_hdr_frame_bytesPKhi
                0x00101f80       0xb8 libmp3player.o
 .text._ZL17drmp3_hdr_comparePKhS0_
                0x00102038       0xa0 libmp3player.o
 .text._Z7stopMP3v.part.0
                0x001020d8       0x88 libmp3player.o
 .text.drmp3dec_decode_frame
                0x00102160     0x22d8 libmp3player.o
                0x00102160                drmp3dec_decode_frame
 .text._ZL26drmp3_decode_next_frame_exP5drmp3PsP19drmp3dec_frame_infoPPKh
                0x00104438      0x3cc libmp3player.o
 .text._ZL25drmp3_read_pcm_frames_rawP5drmp3yPv.part.0
                0x00104804      0x278 libmp3player.o
 .text.drmp3_uninit
                0x00104a7c       0xa8 libmp3player.o
                0x00104a7c                drmp3_uninit
 .text.drmp3_malloc
                0x00104b24       0x50 libmp3player.o
                0x00104b24                drmp3_malloc
 .text.drmp3_free
                0x00104b74       0x28 libmp3player.o
                0x00104b74                drmp3_free
 .text._ZL19drmp3_init_internalP5drmp3PFjPvS1_jEPFjS1_i17drmp3_seek_originEPFjS1_PxEPFvS1_PK14drmp3_metadataES1_S1_PK26drmp3_allocation_callbacks
                0x00104b9c      0x90c libmp3player.o
 .text.drmp3_init_file_with_metadata
                0x001054a8       0xb0 libmp3player.o
                0x001054a8                drmp3_init_file_with_metadata
 .text._Z13initMP3Playerv
                0x00105558       0x90 libmp3player.o
                0x00105558                initMP3Player()
 .text._Z7playMP3PKc
                0x001055e8      0x11c libmp3player.o
                0x001055e8                playMP3(char const*)
 .text._Z9updateMP3v
                0x00105704       0xe4 libmp3player.o
                0x00105704                updateMP3()
 .text._Z8pauseMP3v
                0x001057e8       0x2c libmp3player.o
                0x001057e8                pauseMP3()
 .text._Z9resumeMP3v
                0x00105814       0x28 libmp3player.o
                0x00105814                resumeMP3()
 .text._Z7stopMP3v
                0x0010583c       0xa0 libmp3player.o
                0x0010583c                stopMP3()
 .text._Z13exitMP3Playerv
                0x001058dc       0x6c libmp3player.o
                0x001058dc                exitMP3Player()
 .text.startup.main
                0x00105948       0xc0 main.o
                0x00105948                main
 .text._ZL21addrMapNodeComparatorPK11rbtree_nodeS1_
                0x00105a08       0x24 C:/devkitPro/libctru/lib\libctru.a(linear.o)
 .text._ZL21addrMapNodeDestructorP11rbtree_node
                0x00105a2c        0x4 C:/devkitPro/libctru/lib\libctru.a(linear.o)
 .text.linearMemAlign
                0x00105a30      0x12c C:/devkitPro/libctru/lib\libctru.a(linear.o)
                0x00105a30                linearMemAlign
 .text.linearAlloc
                0x00105b5c        0x8 C:/devkitPro/libctru/lib\libctru.a(linear.o)
                0x00105b5c                linearAlloc
 .text.linearFree
                0x00105b64       0x5c C:/devkitPro/libctru/lib\libctru.a(linear.o)
                0x00105b64                linearFree
 .text._ZN7MemPool13CoalesceRightEP8MemBlock
                0x00105bc0       0x88 C:/devkitPro/libctru/lib\libctru.a(mem_pool.o)
                0x00105bc0                MemPool::CoalesceRight(MemBlock*)
 .text._ZN7MemPool8AllocateER8MemChunkmi
                0x00105c48      0x178 C:/devkitPro/libctru/lib\libctru.a(mem_pool.o)
                0x00105c48                MemPool::Allocate(MemChunk&, unsigned long, int)
 .text._ZN7MemPool10DeallocateERK8MemChunk
                0x00105dc0      0x118 C:/devkitPro/libctru/lib\libctru.a(mem_pool.o)
                0x00105dc0                MemPool::Deallocate(MemChunk const&)
 .text._ZN7MemPool12GetFreeSpaceEv
                0x00105ed8       0x30 C:/devkitPro/libctru/lib\libctru.a(mem_pool.o)
                0x00105ed8                MemPool::GetFreeSpace()
 .text.consoleDrawChar
                0x00105f08      0x1c8 C:/devkitPro/libctru/lib\libctru.a(console.o)
                0x00105f08                consoleDrawChar
 .text.consolePrintChar
                0x001060d0      0x170 C:/devkitPro/libctru/lib\libctru.a(console.o)
                0x001060d0                consolePrintChar
 .text.con_write
                0x00106240      0xc40 C:/devkitPro/libctru/lib\libctru.a(console.o)
                0x00106240                con_write
 .text.newRow   0x00106e80      0x110 C:/devkitPro/libctru/lib\libctru.a(console.o)
 .text.consoleInit
                0x00106f90      0x180 C:/devkitPro/libctru/lib\libctru.a(console.o)
                0x00106f90                consoleInit
 .text.gfxPresentFramebuffer
                0x00107110       0xcc C:/devkitPro/libctru/lib\libctru.a(gfx.o)
 .text.gfxIsWide
                0x001071dc       0x1c C:/devkitPro/libctru/lib\libctru.a(gfx.o)
                0x001071dc                gfxIsWide
 .text.gfxSetScreenFormat
                0x001071f8       0xf8 C:/devkitPro/libctru/lib\libctru.a(gfx.o)
                0x001071f8                gfxSetScreenFormat
 .text.gfxSetDoubleBuffering
                0x001072f0       0x10 C:/devkitPro/libctru/lib\libctru.a(gfx.o)
                0x001072f0                gfxSetDoubleBuffering
 .text.gfxInit  0x00107300       0xd8 C:/devkitPro/libctru/lib\libctru.a(gfx.o)
                0x00107300                gfxInit
 .text.gfxInitDefault
                0x001073d8       0x10 C:/devkitPro/libctru/lib\libctru.a(gfx.o)
                0x001073d8                gfxInitDefault
 .text.gfxExit  0x001073e8       0xb8 C:/devkitPro/libctru/lib\libctru.a(gfx.o)
                0x001073e8                gfxExit
 .text.gfxGetFramebuffer
                0x001074a0       0xa0 C:/devkitPro/libctru/lib\libctru.a(gfx.o)
                0x001074a0                gfxGetFramebuffer
 .text.gfxFlushBuffers
                0x00107540      0x100 C:/devkitPro/libctru/lib\libctru.a(gfx.o)
                0x00107540                gfxFlushBuffers
 .text.gfxSwapBuffersGpu
                0x00107640       0x50 C:/devkitPro/libctru/lib\libctru.a(gfx.o)
                0x00107640                gfxSwapBuffersGpu
 .text.ndspSetOutputMode
                0x00107690       0x34 C:/devkitPro/libctru/lib\libctru.a(ndsp.o)
                0x00107690                ndspSetOutputMode
 .text.ndspChnReset
                0x001076c4       0xe0 C:/devkitPro/libctru/lib\libctru.a(ndsp-channel.o)
                0x001076c4                ndspChnReset
 .text.ndspChnSetFormat
                0x001077a4       0x18 C:/devkitPro/libctru/lib\libctru.a(ndsp-channel.o)
                0x001077a4                ndspChnSetFormat
 .text.ndspChnSetInterp
                0x001077bc       0x50 C:/devkitPro/libctru/lib\libctru.a(ndsp-channel.o)
                0x001077bc                ndspChnSetInterp
 .text.ndspChnSetRate
                0x0010780c       0x60 C:/devkitPro/libctru/lib\libctru.a(ndsp-channel.o)
                0x0010780c                ndspChnSetRate
 .text.ndspChnWaveBufClear
                0x0010786c       0xb0 C:/devkitPro/libctru/lib\libctru.a(ndsp-channel.o)
                0x0010786c                ndspChnWaveBufClear
 .text.ndspChnWaveBufAdd
                0x0010791c       0xc8 C:/devkitPro/libctru/lib\libctru.a(ndsp-channel.o)
                0x0010791c                ndspChnWaveBufAdd
 .text.aptConvertScreenForCapture
                0x001079e4      0x180 C:/devkitPro/libctru/lib\libctru.a(apt.o)
 .text.aptSendCommand
                0x00107b64      0x138 C:/devkitPro/libctru/lib\libctru.a(apt.o)
                0x00107b64                aptSendCommand
 *fill*         0x00107c9c        0x4 
 .text.aptExitProcess
                0x00107ca0       0x44 C:/devkitPro/libctru/lib\libctru.a(apt.o)
 .text.aptExit  0x00107ce4      0x394 C:/devkitPro/libctru/lib\libctru.a(apt.o)
                0x00107ce4                aptExit
 .text.aptHandleSleep
                0x00108078       0xd8 C:/devkitPro/libctru/lib\libctru.a(apt.o)
                0x00108078                aptHandleSleep
 .text.APT_SleepIfShellClosed
                0x00108150       0x84 C:/devkitPro/libctru/lib\libctru.a(apt.o)
                0x00108150                APT_SleepIfShellClosed
 .text.aptSetSleepAllowed
                0x001081d4       0x78 C:/devkitPro/libctru/lib\libctru.a(apt.o)
                0x001081d4                aptSetSleepAllowed
 .text.APT_UnlockTransition
                0x0010824c       0x84 C:/devkitPro/libctru/lib\libctru.a(apt.o)
                0x0010824c                APT_UnlockTransition
 .text.aptEventHandler
                0x001082d0      0x470 C:/devkitPro/libctru/lib\libctru.a(apt.o)
 .text.APT_ReceiveParameter
                0x00108740       0xbc C:/devkitPro/libctru/lib\libctru.a(apt.o)
                0x00108740                APT_ReceiveParameter
 .text.aptReceiveParameter.constprop.0
                0x001087fc       0xb0 C:/devkitPro/libctru/lib\libctru.a(apt.o)
 *fill*         0x001088ac        0x4 
 .text.aptScreenTransfer
                0x001088b0      0x294 C:/devkitPro/libctru/lib\libctru.a(apt.o)
 .text.aptWaitForWakeUp.isra.0
                0x00108b44      0x2d0 C:/devkitPro/libctru/lib\libctru.a(apt.o)
 .text.aptJumpToHomeMenu
                0x00108e14       0xf4 C:/devkitPro/libctru/lib\libctru.a(apt.o)
                0x00108e14                aptJumpToHomeMenu
 .text.aptMainLoop
                0x00108f08       0x58 C:/devkitPro/libctru/lib\libctru.a(apt.o)
                0x00108f08                aptMainLoop
 .text.aptInit  0x00108f60      0x240 C:/devkitPro/libctru/lib\libctru.a(apt.o)
                0x00108f60                aptInit
 .text.APT_CheckNew3DS
                0x001091a0       0x90 C:/devkitPro/libctru/lib\libctru.a(apt.o)
                0x001091a0                APT_CheckNew3DS
 .text.DSP_LoadComponent.part.0
                0x00109230       0xa4 C:/devkitPro/libctru/lib\libctru.a(dsp.o)
 .text.aptDspSleep
                0x001092d4       0xb4 C:/devkitPro/libctru/lib\libctru.a(dsp.o)
                0x001092d4                aptDspSleep
 .text.aptDspWakeup
                0x00109388       0xb4 C:/devkitPro/libctru/lib\libctru.a(dsp.o)
                0x00109388                aptDspWakeup
 .text.aptDspCancel
                0x0010943c       0x44 C:/devkitPro/libctru/lib\libctru.a(dsp.o)
                0x0010943c                aptDspCancel
 .text.DSP_FlushDataCache
                0x00109480       0x50 C:/devkitPro/libctru/lib\libctru.a(dsp.o)
                0x00109480                DSP_FlushDataCache
 .text.fsInit   0x001094d0      0x104 C:/devkitPro/libctru/lib\libctru.a(fs.o)
                0x001094d0                fsInit
 .text.fsExit   0x001095d4       0x3c C:/devkitPro/libctru/lib\libctru.a(fs.o)
                0x001095d4                fsExit
 .text.fsExemptFromSession
                0x00109610       0x68 C:/devkitPro/libctru/lib\libctru.a(fs.o)
                0x00109610                fsExemptFromSession
 .text.fsUnexemptFromSession
                0x00109678       0x50 C:/devkitPro/libctru/lib\libctru.a(fs.o)
                0x00109678                fsUnexemptFromSession
 .text.FSUSER_OpenFile
                0x001096c8       0xcc C:/devkitPro/libctru/lib\libctru.a(fs.o)
                0x001096c8                FSUSER_OpenFile
 .text.FSUSER_DeleteFile
                0x00109794       0xb8 C:/devkitPro/libctru/lib\libctru.a(fs.o)
                0x00109794                FSUSER_DeleteFile
 .text.FSUSER_RenameFile
                0x0010984c       0xf4 C:/devkitPro/libctru/lib\libctru.a(fs.o)
                0x0010984c                FSUSER_RenameFile
 .text.FSUSER_DeleteDirectory
                0x00109940       0xb8 C:/devkitPro/libctru/lib\libctru.a(fs.o)
                0x00109940                FSUSER_DeleteDirectory
 .text.FSUSER_CreateFile
                0x001099f8       0xd0 C:/devkitPro/libctru/lib\libctru.a(fs.o)
                0x001099f8                FSUSER_CreateFile
 .text.FSUSER_CreateDirectory
                0x00109ac8       0xc0 C:/devkitPro/libctru/lib\libctru.a(fs.o)
                0x00109ac8                FSUSER_CreateDirectory
 .text.FSUSER_RenameDirectory
                0x00109b88       0xf4 C:/devkitPro/libctru/lib\libctru.a(fs.o)
                0x00109b88                FSUSER_RenameDirectory
 .text.FSUSER_OpenDirectory
                0x00109c7c       0xb4 C:/devkitPro/libctru/lib\libctru.a(fs.o)
                0x00109c7c                FSUSER_OpenDirectory
 .text.FSUSER_OpenArchive
                0x00109d30       0x90 C:/devkitPro/libctru/lib\libctru.a(fs.o)
                0x00109d30                FSUSER_OpenArchive
 .text.FSUSER_CloseArchive
                0x00109dc0       0x8c C:/devkitPro/libctru/lib\libctru.a(fs.o)
                0x00109dc0                FSUSER_CloseArchive
 .text.FSUSER_GetSdmcArchiveResource
                0x00109e4c       0x74 C:/devkitPro/libctru/lib\libctru.a(fs.o)
                0x00109e4c                FSUSER_GetSdmcArchiveResource
 .text.FSUSER_IsSdmcWritable
                0x00109ec0       0x64 C:/devkitPro/libctru/lib\libctru.a(fs.o)
                0x00109ec0                FSUSER_IsSdmcWritable
 .text.FSFILE_Read
                0x00109f24       0x64 C:/devkitPro/libctru/lib\libctru.a(fs.o)
                0x00109f24                FSFILE_Read
 .text.FSFILE_Write
                0x00109f88       0x6c C:/devkitPro/libctru/lib\libctru.a(fs.o)
                0x00109f88                FSFILE_Write
 .text.FSFILE_GetSize
                0x00109ff4       0x44 C:/devkitPro/libctru/lib\libctru.a(fs.o)
                0x00109ff4                FSFILE_GetSize
 .text.FSFILE_SetSize
                0x0010a038       0x28 C:/devkitPro/libctru/lib\libctru.a(fs.o)
                0x0010a038                FSFILE_SetSize
 .text.FSFILE_Close
                0x0010a060       0x3c C:/devkitPro/libctru/lib\libctru.a(fs.o)
                0x0010a060                FSFILE_Close
 .text.FSFILE_Flush
                0x0010a09c       0x24 C:/devkitPro/libctru/lib\libctru.a(fs.o)
                0x0010a09c                FSFILE_Flush
 .text.FSDIR_Read
                0x0010a0c0       0x60 C:/devkitPro/libctru/lib\libctru.a(fs.o)
                0x0010a0c0                FSDIR_Read
 .text.FSDIR_Close
                0x0010a120       0x3c C:/devkitPro/libctru/lib\libctru.a(fs.o)
                0x0010a120                FSDIR_Close
 .text.gspHardwareInit
                0x0010a15c      0xc70 C:/devkitPro/libctru/lib\libctru.a(gspgpu.o)
 .text.gspInit  0x0010adcc      0x280 C:/devkitPro/libctru/lib\libctru.a(gspgpu.o)
                0x0010adcc                gspInit
 .text.gspExit  0x0010b04c      0x110 C:/devkitPro/libctru/lib\libctru.a(gspgpu.o)
                0x0010b04c                gspExit
 .text.gspHasGpuRight
                0x0010b15c       0x10 C:/devkitPro/libctru/lib\libctru.a(gspgpu.o)
                0x0010b15c                gspHasGpuRight
 .text.gspPresentBuffer
                0x0010b16c       0xa4 C:/devkitPro/libctru/lib\libctru.a(gspgpu.o)
                0x0010b16c                gspPresentBuffer
 .text.gspWaitForEvent
                0x0010b210       0x50 C:/devkitPro/libctru/lib\libctru.a(gspgpu.o)
                0x0010b210                gspWaitForEvent
 .text.gxCmdQueueInterrupt
                0x0010b260        0x4 C:/devkitPro/libctru/lib\libctru.a(gspgpu.o)
                0x0010b260                gxCmdQueueInterrupt
 .text.gspEventThreadMain
                0x0010b264      0x154 C:/devkitPro/libctru/lib\libctru.a(gspgpu.o)
 .text.GSPGPU_FlushDataCache
                0x0010b3b8       0x50 C:/devkitPro/libctru/lib\libctru.a(gspgpu.o)
                0x0010b3b8                GSPGPU_FlushDataCache
 .text.GSPGPU_SetLcdForceBlack
                0x0010b408       0x34 C:/devkitPro/libctru/lib\libctru.a(gspgpu.o)
                0x0010b408                GSPGPU_SetLcdForceBlack
 .text.GSPGPU_AcquireRight
                0x0010b43c       0x80 C:/devkitPro/libctru/lib\libctru.a(gspgpu.o)
                0x0010b43c                GSPGPU_AcquireRight
 .text.GSPGPU_ReleaseRight
                0x0010b4bc       0x5c C:/devkitPro/libctru/lib\libctru.a(gspgpu.o)
                0x0010b4bc                GSPGPU_ReleaseRight
 .text.GSPGPU_ImportDisplayCaptureInfo
                0x0010b518       0x7c C:/devkitPro/libctru/lib\libctru.a(gspgpu.o)
                0x0010b518                GSPGPU_ImportDisplayCaptureInfo
 .text.GSPGPU_SaveVramSysArea
                0x0010b594       0x2c C:/devkitPro/libctru/lib\libctru.a(gspgpu.o)
                0x0010b594                GSPGPU_SaveVramSysArea
 .text.GSPGPU_RestoreVramSysArea
                0x0010b5c0       0x2c C:/devkitPro/libctru/lib\libctru.a(gspgpu.o)
                0x0010b5c0                GSPGPU_RestoreVramSysArea
 .text.hidShouldUseIrrst
                0x0010b5ec       0x24 C:/devkitPro/libctru/lib\libctru.a(hid.o)
                0x0010b5ec                hidShouldUseIrrst
 .text.hidInit  0x0010b610      0x1cc C:/devkitPro/libctru/lib\libctru.a(hid.o)
                0x0010b610                hidInit
 .text.hidExit  0x0010b7dc       0xe8 C:/devkitPro/libctru/lib\libctru.a(hid.o)
                0x0010b7dc                hidExit
 .text.hidScanInput
                0x0010b8c4      0x2a0 C:/devkitPro/libctru/lib\libctru.a(hid.o)
                0x0010b8c4                hidScanInput
 .text.hidKeysDown
                0x0010bb64       0x10 C:/devkitPro/libctru/lib\libctru.a(hid.o)
                0x0010bb64                hidKeysDown
 .text.irrstInit
                0x0010bb74      0x1a4 C:/devkitPro/libctru/lib\libctru.a(irrst.o)
                0x0010bb74                irrstInit
 .text.irrstExit
                0x0010bd18       0xdc C:/devkitPro/libctru/lib\libctru.a(irrst.o)
                0x0010bd18                irrstExit
 .text.irrstScanInput
                0x0010bdf4       0xb4 C:/devkitPro/libctru/lib\libctru.a(irrst.o)
                0x0010bdf4                irrstScanInput
 .text.irrstKeysHeld
                0x0010bea8       0x24 C:/devkitPro/libctru/lib\libctru.a(irrst.o)
                0x0010bea8                irrstKeysHeld
 .text.rbtree_find
                0x0010becc       0x74 C:/devkitPro/libctru/lib\libctru.a(rbtree_find.o)
                0x0010becc                rbtree_find
 .text.rbtree_init
                0x0010bf40       0x10 C:/devkitPro/libctru/lib\libctru.a(rbtree_init.o)
                0x0010bf40                rbtree_init
 .text.do_insert
                0x0010bf50      0x198 C:/devkitPro/libctru/lib\libctru.a(rbtree_insert.o)
 .text.rbtree_insert
                0x0010c0e8        0x8 C:/devkitPro/libctru/lib\libctru.a(rbtree_insert.o)
                0x0010c0e8                rbtree_insert
 .text.rbtree_remove
                0x0010c0f0      0x310 C:/devkitPro/libctru/lib\libctru.a(rbtree_remove.o)
                0x0010c0f0                rbtree_remove
 .text.rbtree_rotate
                0x0010c400       0x90 C:/devkitPro/libctru/lib\libctru.a(rbtree_rotate.o)
                0x0010c400                rbtree_rotate
 .text.__system_allocateHeaps
                0x0010c490      0x1e8 C:/devkitPro/libctru/lib\libctru.a(allocateHeaps.o)
                0x0010c490                __system_allocateHeaps
 .text.__libctru_init
                0x0010c678       0x38 C:/devkitPro/libctru/lib\libctru.a(ctru_init.o)
                0x0010c678                __libctru_init
 .text.__system_initArgv
                0x0010c6b0      0x16c C:/devkitPro/libctru/lib\libctru.a(initArgv.o)
                0x0010c6b0                __system_initArgv
 .text.__syscall_getreent
                0x0010c81c       0x30 C:/devkitPro/libctru/lib\libctru.a(syscalls.o)
                0x0010c81c                __syscall_getreent
 .text.__syscall_lock_acquire
                0x0010c84c        0x4 C:/devkitPro/libctru/lib\libctru.a(syscalls.o)
                0x0010c84c                __syscall_lock_acquire
 .text.__syscall_lock_release
                0x0010c850        0x4 C:/devkitPro/libctru/lib\libctru.a(syscalls.o)
                0x0010c850                __syscall_lock_release
 .text.__syscall_lock_acquire_recursive
                0x0010c854        0x4 C:/devkitPro/libctru/lib\libctru.a(syscalls.o)
                0x0010c854                __syscall_lock_acquire_recursive
 .text.__syscall_lock_release_recursive
                0x0010c858        0x4 C:/devkitPro/libctru/lib\libctru.a(syscalls.o)
                0x0010c858                __syscall_lock_release_recursive
 .text.__syscall_exit
                0x0010c85c        0x4 C:/devkitPro/libctru/lib\libctru.a(syscalls.o)
                0x0010c85c                __syscall_exit
 .text.initThreadVars
                0x0010c860       0x54 C:/devkitPro/libctru/lib\libctru.a(syscalls.o)
                0x0010c860                initThreadVars
 .text.__system_initSyscalls
                0x0010c8b4       0x80 C:/devkitPro/libctru/lib\libctru.a(syscalls.o)
                0x0010c8b4                __system_initSyscalls
 .text.svcControlMemory
                0x0010c934       0x20 C:/devkitPro/libctru/lib\libctru.a(svc.o)
                0x0010c934                svcControlMemory
 .text.svcQueryMemory
                0x0010c954       0x30 C:/devkitPro/libctru/lib\libctru.a(svc.o)
                0x0010c954                svcQueryMemory
 .text.svcExitProcess
                0x0010c984        0x8 C:/devkitPro/libctru/lib\libctru.a(svc.o)
                0x0010c984                svcExitProcess
 .text.svcCreateThread
                0x0010c98c       0x20 C:/devkitPro/libctru/lib\libctru.a(svc.o)
                0x0010c98c                svcCreateThread
 .text.svcExitThread
                0x0010c9ac        0x8 C:/devkitPro/libctru/lib\libctru.a(svc.o)
                0x0010c9ac                svcExitThread
 .text.svcSleepThread
                0x0010c9b4        0x8 C:/devkitPro/libctru/lib\libctru.a(svc.o)
                0x0010c9b4                svcSleepThread
 .text.svcReleaseMutex
                0x0010c9bc        0x8 C:/devkitPro/libctru/lib\libctru.a(svc.o)
                0x0010c9bc                svcReleaseMutex
 .text.svcCreateEvent
                0x0010c9c4       0x14 C:/devkitPro/libctru/lib\libctru.a(svc.o)
                0x0010c9c4                svcCreateEvent
 .text.svcSignalEvent
                0x0010c9d8        0x8 C:/devkitPro/libctru/lib\libctru.a(svc.o)
                0x0010c9d8                svcSignalEvent
 .text.svcClearEvent
                0x0010c9e0        0x8 C:/devkitPro/libctru/lib\libctru.a(svc.o)
                0x0010c9e0                svcClearEvent
 .text.svcMapMemoryBlock
                0x0010c9e8        0x8 C:/devkitPro/libctru/lib\libctru.a(svc.o)
                0x0010c9e8                svcMapMemoryBlock
 .text.svcUnmapMemoryBlock
                0x0010c9f0        0x8 C:/devkitPro/libctru/lib\libctru.a(svc.o)
                0x0010c9f0                svcUnmapMemoryBlock
 .text.svcCreateAddressArbiter
                0x0010c9f8       0x14 C:/devkitPro/libctru/lib\libctru.a(svc.o)
                0x0010c9f8                svcCreateAddressArbiter
 .text.svcArbitrateAddressNoTimeout
                0x0010ca0c        0x8 C:/devkitPro/libctru/lib\libctru.a(svc.o)
                0x0010ca0c                svcArbitrateAddressNoTimeout
 .text.svcCloseHandle
                0x0010ca14        0x8 C:/devkitPro/libctru/lib\libctru.a(svc.o)
                0x0010ca14                svcCloseHandle
 .text.svcWaitSynchronization
                0x0010ca1c        0x8 C:/devkitPro/libctru/lib\libctru.a(svc.o)
                0x0010ca1c                svcWaitSynchronization
 .text.svcWaitSynchronizationN
                0x0010ca24       0x28 C:/devkitPro/libctru/lib\libctru.a(svc.o)
                0x0010ca24                svcWaitSynchronizationN
 .text.svcDuplicateHandle
                0x0010ca4c       0x14 C:/devkitPro/libctru/lib\libctru.a(svc.o)
                0x0010ca4c                svcDuplicateHandle
 .text.svcConnectToPort
                0x0010ca60       0x14 C:/devkitPro/libctru/lib\libctru.a(svc.o)
                0x0010ca60                svcConnectToPort
 .text.svcSendSyncRequest
                0x0010ca74        0x8 C:/devkitPro/libctru/lib\libctru.a(svc.o)
                0x0010ca74                svcSendSyncRequest
 .text.svcGetResourceLimit
                0x0010ca7c       0x14 C:/devkitPro/libctru/lib\libctru.a(svc.o)
                0x0010ca7c                svcGetResourceLimit
 .text.svcGetResourceLimitLimitValues
                0x0010ca90        0x8 C:/devkitPro/libctru/lib\libctru.a(svc.o)
                0x0010ca90                svcGetResourceLimitLimitValues
 .text.svcGetResourceLimitCurrentValues
                0x0010ca98        0x8 C:/devkitPro/libctru/lib\libctru.a(svc.o)
                0x0010ca98                svcGetResourceLimitCurrentValues
 .text.svcBreak
                0x0010caa0        0x8 C:/devkitPro/libctru/lib\libctru.a(svc.o)
                0x0010caa0                svcBreak
 .text.initSystem
                0x0010caa8       0x50 C:/devkitPro/libctru/lib\libctru.a(stack_adjust.o)
                0x0010caa8                initSystem
 .text.__ctru_exit
                0x0010caf8       0x14 C:/devkitPro/libctru/lib\libctru.a(stack_adjust.o)
                0x0010caf8                __ctru_exit
 .text._ZL21addrMapNodeComparatorPK11rbtree_nodeS1_
                0x0010cb0c       0x24 C:/devkitPro/libctru/lib\libctru.a(vram.o)
 .text._ZL21addrMapNodeDestructorP11rbtree_node
                0x0010cb30        0x4 C:/devkitPro/libctru/lib\libctru.a(vram.o)
 .text.vramMemAlignAt
                0x0010cb34      0x248 C:/devkitPro/libctru/lib\libctru.a(vram.o)
                0x0010cb34                vramMemAlignAt
 .text.vramAlloc
                0x0010cd7c        0xc C:/devkitPro/libctru/lib\libctru.a(vram.o)
                0x0010cd7c                vramAlloc
 .text.vramFree
                0x0010cd88       0x94 C:/devkitPro/libctru/lib\libctru.a(vram.o)
                0x0010cd88                vramFree
 .text.envGetHandle
                0x0010ce1c       0x8c C:/devkitPro/libctru/lib\libctru.a(env.o)
                0x0010ce1c                envGetHandle
 .text.envDestroyHandles
                0x0010cea8       0x50 C:/devkitPro/libctru/lib\libctru.a(env.o)
                0x0010cea8                envDestroyHandles
 .text.__ctru_speedup_config
                0x0010cef8       0x34 C:/devkitPro/libctru/lib\libctru.a(os.o)
                0x0010cef8                __ctru_speedup_config
 .text.srvInit  0x0010cf2c      0x164 C:/devkitPro/libctru/lib\libctru.a(srv.o)
                0x0010cf2c                srvInit
 .text.srvExit  0x0010d090       0x64 C:/devkitPro/libctru/lib\libctru.a(srv.o)
                0x0010d090                srvExit
 .text.srvEnableNotification
                0x0010d0f4       0x60 C:/devkitPro/libctru/lib\libctru.a(srv.o)
                0x0010d0f4                srvEnableNotification
 .text.srvGetServiceHandleDirect
                0x0010d154       0xa0 C:/devkitPro/libctru/lib\libctru.a(srv.o)
                0x0010d154                srvGetServiceHandleDirect
 .text.srvGetServiceHandle
                0x0010d1f4       0x48 C:/devkitPro/libctru/lib\libctru.a(srv.o)
                0x0010d1f4                srvGetServiceHandle
 .text.srvSubscribe
                0x0010d23c       0x34 C:/devkitPro/libctru/lib\libctru.a(srv.o)
                0x0010d23c                srvSubscribe
 .text.srvReceiveNotification
                0x0010d270       0x60 C:/devkitPro/libctru/lib\libctru.a(srv.o)
                0x0010d270                srvReceiveNotification
 .text.srvPublishToSubscriber
                0x0010d2d0       0x38 C:/devkitPro/libctru/lib\libctru.a(srv.o)
                0x0010d2d0                srvPublishToSubscriber
 .text.__sync_init
                0x0010d308        0xc C:/devkitPro/libctru/lib\libctru.a(synchronization.o)
                0x0010d308                __sync_init
 .text.__sync_fini
                0x0010d314       0x18 C:/devkitPro/libctru/lib\libctru.a(synchronization.o)
                0x0010d314                __sync_fini
 .text.syncArbitrateAddress
                0x0010d32c       0x28 C:/devkitPro/libctru/lib\libctru.a(synchronization.o)
                0x0010d32c                syncArbitrateAddress
 .text.LightLock_Lock
                0x0010d354       0xac C:/devkitPro/libctru/lib\libctru.a(synchronization.o)
                0x0010d354                LightLock_Lock
 .text.LightLock_Unlock
                0x0010d400       0x40 C:/devkitPro/libctru/lib\libctru.a(synchronization.o)
                0x0010d400                LightLock_Unlock
 .text.RecursiveLock_Lock
                0x0010d440       0x54 C:/devkitPro/libctru/lib\libctru.a(synchronization.o)
                0x0010d440                RecursiveLock_Lock
 .text.RecursiveLock_Unlock
                0x0010d494       0x54 C:/devkitPro/libctru/lib\libctru.a(synchronization.o)
                0x0010d494                RecursiveLock_Unlock
 .text.LightEvent_Init
                0x0010d4e8       0x44 C:/devkitPro/libctru/lib\libctru.a(synchronization.o)
                0x0010d4e8                LightEvent_Init
 .text.LightEvent_Clear
                0x0010d52c       0xb8 C:/devkitPro/libctru/lib\libctru.a(synchronization.o)
                0x0010d52c                LightEvent_Clear
 .text.LightEvent_Signal
                0x0010d5e4       0xdc C:/devkitPro/libctru/lib\libctru.a(synchronization.o)
                0x0010d5e4                LightEvent_Signal
 .text.LightEvent_TryWait
                0x0010d6c0       0x50 C:/devkitPro/libctru/lib\libctru.a(synchronization.o)
                0x0010d6c0                LightEvent_TryWait
 .text.LightEvent_Wait
                0x0010d710       0xac C:/devkitPro/libctru/lib\libctru.a(synchronization.o)
                0x0010d710                LightEvent_Wait
 .text.threadCreate
                0x0010d7bc      0x1fc C:/devkitPro/libctru/lib\libctru.a(thread.o)
                0x0010d7bc                threadCreate
 .text.threadFree
                0x0010d9b8       0x38 C:/devkitPro/libctru/lib\libctru.a(thread.o)
                0x0010d9b8                threadFree
 .text.threadJoin
                0x0010d9f0       0x24 C:/devkitPro/libctru/lib\libctru.a(thread.o)
                0x0010d9f0                threadJoin
 .text.threadGetCurrent
                0x0010da14       0x30 C:/devkitPro/libctru/lib\libctru.a(thread.o)
                0x0010da14                threadGetCurrent
 .text.threadExit
                0x0010da44       0x40 C:/devkitPro/libctru/lib\libctru.a(thread.o)
                0x0010da44                threadExit
 .text._thread_begin
                0x0010da84       0x20 C:/devkitPro/libctru/lib\libctru.a(thread.o)
 .text.mappableFindAddressWithin
                0x0010daa4       0x90 C:/devkitPro/libctru/lib\libctru.a(mappable.o)
 .text.mappableInit
                0x0010db34       0x28 C:/devkitPro/libctru/lib\libctru.a(mappable.o)
                0x0010db34                mappableInit
 .text.mappableAlloc
                0x0010db5c       0x7c C:/devkitPro/libctru/lib\libctru.a(mappable.o)
                0x0010db5c                mappableAlloc
 .text.mappableFree
                0x0010dbd8        0x4 C:/devkitPro/libctru/lib\libctru.a(mappable.o)
                0x0010dbd8                mappableFree
 .text.ptmSysmInit
                0x0010dbdc       0x78 C:/devkitPro/libctru/lib\libctru.a(ptmsysm.o)
                0x0010dbdc                ptmSysmInit
 .text.ptmSysmExit
                0x0010dc54       0x3c C:/devkitPro/libctru/lib\libctru.a(ptmsysm.o)
                0x0010dc54                ptmSysmExit
 .text.PTMSYSM_ConfigureNew3DSCPU
                0x0010dc90       0x34 C:/devkitPro/libctru/lib\libctru.a(ptmsysm.o)
                0x0010dc90                PTMSYSM_ConfigureNew3DSCPU
 .text.srvPmGetSessionHandle
                0x0010dcc4        0xc C:/devkitPro/libctru/lib\libctru.a(srvpm.o)
                0x0010dcc4                srvPmGetSessionHandle
 .text.rbtree_node_next
                0x0010dcd0       0x60 C:/devkitPro/libctru/lib\libctru.a(rbtree_iterator.o)
                0x0010dcd0                rbtree_node_next
 .text.__appExit
                0x0010dd30       0x30 C:/devkitPro/libctru/lib\libctru.a(appExit.o)
                0x0010dd30                __appExit
 .text.__appInit
                0x0010dd60       0x30 C:/devkitPro/libctru/lib\libctru.a(appInit.o)
                0x0010dd60                __appInit
 .text.__libctru_exit
                0x0010dd90       0x90 C:/devkitPro/libctru/lib\libctru.a(ctru_exit.o)
                0x0010dd90                __libctru_exit
 .text.archive_link
                0x0010de20       0x14 C:/devkitPro/libctru/lib\libctru.a(archive_dev.o)
 .text.archive_dirreset
                0x0010de34       0x14 C:/devkitPro/libctru/lib\libctru.a(archive_dev.o)
 .text.archive_chmod
                0x0010de48       0x14 C:/devkitPro/libctru/lib\libctru.a(archive_dev.o)
 .text.error_cmp
                0x0010de5c       0x24 C:/devkitPro/libctru/lib\libctru.a(archive_dev.o)
 .text.archive_translate_error
                0x0010de80       0x50 C:/devkitPro/libctru/lib\libctru.a(archive_dev.o)
 .text.archive_seek
                0x0010ded0       0xc0 C:/devkitPro/libctru/lib\libctru.a(archive_dev.o)
 .text._archiveInit.part.0
                0x0010df90       0x78 C:/devkitPro/libctru/lib\libctru.a(archive_dev.o)
 .text.archiveFindDevice.part.0
                0x0010e008       0xd4 C:/devkitPro/libctru/lib\libctru.a(archive_dev.o)
 .text.archive_utf16path
                0x0010e0dc      0x298 C:/devkitPro/libctru/lib\libctru.a(archive_dev.o)
 .text._archiveUnmountDeviceStruct.part.0
                0x0010e374       0x98 C:/devkitPro/libctru/lib\libctru.a(archive_dev.o)
 .text.archive_statvfs
                0x0010e40c       0x14 C:/devkitPro/libctru/lib\libctru.a(archive_dev.o)
 .text.archive_fchmod
                0x0010e420       0x14 C:/devkitPro/libctru/lib\libctru.a(archive_dev.o)
 .text._archiveMountDevice
                0x0010e434      0x178 C:/devkitPro/libctru/lib\libctru.a(archive_dev.o)
 .text.archive_diropen
                0x0010e5ac       0xf8 C:/devkitPro/libctru/lib\libctru.a(archive_dev.o)
 .text.archive_fstat
                0x0010e6a4       0xac C:/devkitPro/libctru/lib\libctru.a(archive_dev.o)
 .text.archive_fsync
                0x0010e750       0x74 C:/devkitPro/libctru/lib\libctru.a(archive_dev.o)
 .text.archive_close
                0x0010e7c4       0x74 C:/devkitPro/libctru/lib\libctru.a(archive_dev.o)
 .text.archive_dirclose
                0x0010e838       0x78 C:/devkitPro/libctru/lib\libctru.a(archive_dev.o)
 .text.sdmc_statvfs
                0x0010e8b0       0xec C:/devkitPro/libctru/lib\libctru.a(archive_dev.o)
 .text.archive_chdir
                0x0010e99c       0xf8 C:/devkitPro/libctru/lib\libctru.a(archive_dev.o)
 .text.archive_ftruncate
                0x0010ea94       0x8c C:/devkitPro/libctru/lib\libctru.a(archive_dev.o)
 .text.archive_read
                0x0010eb20       0xbc C:/devkitPro/libctru/lib\libctru.a(archive_dev.o)
 .text.archive_unlink
                0x0010ebdc       0xa8 C:/devkitPro/libctru/lib\libctru.a(archive_dev.o)
 .text.archive_rmdir
                0x0010ec84       0xc0 C:/devkitPro/libctru/lib\libctru.a(archive_dev.o)
 .text.archive_mkdir
                0x0010ed44       0xd8 C:/devkitPro/libctru/lib\libctru.a(archive_dev.o)
 .text.archive_stat
                0x0010ee1c      0x1a0 C:/devkitPro/libctru/lib\libctru.a(archive_dev.o)
 .text.archive_dirnext
                0x0010efbc      0x164 C:/devkitPro/libctru/lib\libctru.a(archive_dev.o)
 .text.archive_write
                0x0010f120      0x13c C:/devkitPro/libctru/lib\libctru.a(archive_dev.o)
 *fill*         0x0010f25c        0x4 
 .text.archive_open
                0x0010f260      0x254 C:/devkitPro/libctru/lib\libctru.a(archive_dev.o)
 .text.archive_rename
                0x0010f4b4      0x270 C:/devkitPro/libctru/lib\libctru.a(archive_dev.o)
 .text.archiveMountSdmc
                0x0010f724      0x1c8 C:/devkitPro/libctru/lib\libctru.a(archive_dev.o)
                0x0010f724                archiveMountSdmc
 .text.archiveUnmountAll
                0x0010f8ec       0x54 C:/devkitPro/libctru/lib\libctru.a(archive_dev.o)
                0x0010f8ec                archiveUnmountAll
 .text.decode_utf8
                0x0010f940      0x140 C:/devkitPro/libctru/lib\libctru.a(decode_utf8.o)
                0x0010f940                decode_utf8
 .text.utf16_to_utf8
                0x0010fa80       0xe8 C:/devkitPro/libctru/lib\libctru.a(utf16_to_utf8.o)
                0x0010fa80                utf16_to_utf8
 .text.utf8_to_utf16
                0x0010fb68       0xc0 C:/devkitPro/libctru/lib\libctru.a(utf8_to_utf16.o)
                0x0010fb68                utf8_to_utf16
 .text.__aeabi_read_tp
                0x0010fc28        0xc C:/devkitPro/libctru/lib\libctru.a(readtp.o)
                0x0010fc28                __aeabi_read_tp
 .text.decode_utf16
                0x0010fc34       0x54 C:/devkitPro/libctru/lib\libctru.a(decode_utf16.o)
                0x0010fc34                decode_utf16
 .text.encode_utf16
                0x0010fc88       0x54 C:/devkitPro/libctru/lib\libctru.a(encode_utf16.o)
                0x0010fc88                encode_utf16
 .text.encode_utf8
                0x0010fcdc       0xe0 C:/devkitPro/libctru/lib\libctru.a(encode_utf8.o)
                0x0010fcdc                encode_utf8
 .text.__udivmoddi4
                0x0010fdbc      0x130 C:/devkitPro/devkitARM/bin/../lib/gcc/arm-none-eabi/15.1.0/armv6k/fpu\libgcc.a(_udivmoddi4.o)
                0x0010fdbc                __udivmoddi4
 .text.strncmp  0x0010feec       0xd8 C:/devkitPro/devkitARM/bin/../lib/gcc/arm-none-eabi/15.1.0/../../../../arm-none-eabi/lib/armv6k/fpu\libg.a(libc_a-strncmp.o)
                0x0010feec                strncmp
 .text.memmove  0x0010ffc4      0x16c C:/devkitPro/devkitARM/bin/../lib/gcc/arm-none-eabi/15.1.0/../../../../arm-none-eabi/lib/armv6k/fpu\libg.a(libc_a-memmove.o)
                0x0010ffc4                memmove
 .text.__assert_func
                0x00110130       0x5c C:/devkitPro/devkitARM/bin/../lib/gcc/arm-none-eabi/15.1.0/../../../../arm-none-eabi/lib/armv6k/fpu\libg.a(libc_a-assert.o)
                0x00110130                __assert_func
 .text._fclose_r
                0x0011018c      0x144 C:/devkitPro/devkitARM/bin/../lib/gcc/arm-none-eabi/15.1.0/../../../../arm-none-eabi/lib/armv6k/fpu\libg.a(libc_a-fclose.o)
                0x0011018c                _fclose_r
 .text.fclose   0x001102d0       0x20 C:/devkitPro/devkitARM/bin/../lib/gcc/arm-none-eabi/15.1.0/../../../../arm-none-eabi/lib/armv6k/fpu\libg.a(libc_a-fclose.o)
                0x001102d0                fclose
 .text.strlen   0x001102f0       0x8c C:/devkitPro/devkitARM/bin/../lib/gcc/arm-none-eabi/15.1.0/../../../../arm-none-eabi/lib/armv6k/fpu\libg.a(libc_a-strlen.o)
                0x001102f0                strlen
 .text.fiprintf
                0x0011037c       0x3c C:/devkitPro/devkitARM/bin/../lib/gcc/arm-none-eabi/15.1.0/../../../../arm-none-eabi/lib/armv6k/fpu\libg.a(libc_a-fiprintf.o)
                0x0011037c                fiprintf
 .text.stdio_exit_handler
                0x001103b8       0x1c C:/devkitPro/devkitARM/bin/../lib/gcc/arm-none-eabi/15.1.0/../../../../arm-none-eabi/lib/armv6k/fpu\libg.a(libc_a-findfp.o)
 .text.cleanup_stdio
                0x001103d4       0x5c C:/devkitPro/devkitARM/bin/../lib/gcc/arm-none-eabi/15.1.0/../../../../arm-none-eabi/lib/armv6k/fpu\libg.a(libc_a-findfp.o)
 .text.global_stdio_init.part.0
                0x00110430      0x154 C:/devkitPro/devkitARM/bin/../lib/gcc/arm-none-eabi/15.1.0/../../../../arm-none-eabi/lib/armv6k/fpu\libg.a(libc_a-findfp.o)
 .text.__sfp    0x00110584      0x138 C:/devkitPro/devkitARM/bin/../lib/gcc/arm-none-eabi/15.1.0/../../../../arm-none-eabi/lib/armv6k/fpu\libg.a(libc_a-findfp.o)
                0x00110584                __sfp
 .text.__sinit  0x001106bc       0x5c C:/devkitPro/devkitARM/bin/../lib/gcc/arm-none-eabi/15.1.0/../../../../arm-none-eabi/lib/armv6k/fpu\libg.a(libc_a-findfp.o)
                0x001106bc                __sinit
 .text.__sfp_lock_acquire
                0x00110718        0xc C:/devkitPro/devkitARM/bin/../lib/gcc/arm-none-eabi/15.1.0/../../../../arm-none-eabi/lib/armv6k/fpu\libg.a(libc_a-findfp.o)
                0x00110718                __sfp_lock_acquire
 .text.__sfp_lock_release
                0x00110724        0xc C:/devkitPro/devkitARM/bin/../lib/gcc/arm-none-eabi/15.1.0/../../../../arm-none-eabi/lib/armv6k/fpu\libg.a(libc_a-findfp.o)
                0x00110724                __sfp_lock_release
 .text._strtoul_l.isra.0
                0x00110730      0x1ec C:/devkitPro/devkitARM/bin/../lib/gcc/arm-none-eabi/15.1.0/../../../../arm-none-eabi/lib/armv6k/fpu\libg.a(libc_a-strtoul.o)
 .text.strtoul  0x0011091c       0x3c C:/devkitPro/devkitARM/bin/../lib/gcc/arm-none-eabi/15.1.0/../../../../arm-none-eabi/lib/armv6k/fpu\libg.a(libc_a-strtoul.o)
                0x0011091c                strtoul
 .text.__libc_init_array
                0x00110958       0x84 C:/devkitPro/devkitARM/bin/../lib/gcc/arm-none-eabi/15.1.0/../../../../arm-none-eabi/lib/armv6k/fpu\libg.a(libc_a-init.o)
                0x00110958                __libc_init_array
 .text.strncat  0x001109dc       0x9c C:/devkitPro/devkitARM/bin/../lib/gcc/arm-none-eabi/15.1.0/../../../../arm-none-eabi/lib/armv6k/fpu\libg.a(libc_a-strncat.o)
                0x001109dc                strncat
 .text._fwalk_sglue
                0x00110a78       0x70 C:/devkitPro/devkitARM/bin/../lib/gcc/arm-none-eabi/15.1.0/../../../../arm-none-eabi/lib/armv6k/fpu\libg.a(libc_a-fwalk.o)
                0x00110a78                _fwalk_sglue
 .text.bsearch  0x00110ae8       0x78 C:/devkitPro/devkitARM/bin/../lib/gcc/arm-none-eabi/15.1.0/../../../../arm-none-eabi/lib/armv6k/fpu\libg.a(libc_a-bsearch.o)
                0x00110ae8                bsearch
 .text.__errno  0x00110b60        0xc C:/devkitPro/devkitARM/bin/../lib/gcc/arm-none-eabi/15.1.0/../../../../arm-none-eabi/lib/armv6k/fpu\libg.a(libc_a-errno.o)
                0x00110b60                __errno
 .text.abort    0x00110b6c       0x14 C:/devkitPro/devkitARM/bin/../lib/gcc/arm-none-eabi/15.1.0/../../../../arm-none-eabi/lib/armv6k/fpu\libg.a(libc_a-abort.o)
                0x00110b6c                abort
 .text._puts_r  0x00110b80       0xe0 C:/devkitPro/devkitARM/bin/../lib/gcc/arm-none-eabi/15.1.0/../../../../arm-none-eabi/lib/armv6k/fpu\libg.a(libc_a-puts.o)
                0x00110b80                _puts_r
 .text.puts     0x00110c60       0x20 C:/devkitPro/devkitARM/bin/../lib/gcc/arm-none-eabi/15.1.0/../../../../arm-none-eabi/lib/armv6k/fpu\libg.a(libc_a-puts.o)
                0x00110c60                puts
 .text.realloc  0x00110c80       0x28 C:/devkitPro/devkitARM/bin/../lib/gcc/arm-none-eabi/15.1.0/../../../../arm-none-eabi/lib/armv6k/fpu\libg.a(libc_a-realloc.o)
                0x00110c80                realloc
 .text._fseek_r
                0x00110ca8       0x1c C:/devkitPro/devkitARM/bin/../lib/gcc/arm-none-eabi/15.1.0/../../../../arm-none-eabi/lib/armv6k/fpu\libg.a(libc_a-fseek.o)
                0x00110ca8                _fseek_r
 .text.fseek    0x00110cc4       0x34 C:/devkitPro/devkitARM/bin/../lib/gcc/arm-none-eabi/15.1.0/../../../../arm-none-eabi/lib/armv6k/fpu\libg.a(libc_a-fseek.o)
                0x00110cc4                fseek
 .text.memalign
                0x00110cf8       0x28 C:/devkitPro/devkitARM/bin/../lib/gcc/arm-none-eabi/15.1.0/../../../../arm-none-eabi/lib/armv6k/fpu\libg.a(libc_a-malign.o)
                0x00110cf8                memalign
 .text._malloc_r
                0x00110d20      0x82c C:/devkitPro/devkitARM/bin/../lib/gcc/arm-none-eabi/15.1.0/../../../../arm-none-eabi/lib/armv6k/fpu\libg.a(libc_a-mallocr.o)
                0x00110d20                _malloc_r
 .text._malloc_trim_r
                0x0011154c      0x114 C:/devkitPro/devkitARM/bin/../lib/gcc/arm-none-eabi/15.1.0/../../../../arm-none-eabi/lib/armv6k/fpu\libg.a(libc_a-freer.o)
                0x0011154c                _malloc_trim_r
 .text._free_r  0x00111660      0x314 C:/devkitPro/devkitARM/bin/../lib/gcc/arm-none-eabi/15.1.0/../../../../arm-none-eabi/lib/armv6k/fpu\libg.a(libc_a-freer.o)
                0x00111660                _free_r
 .text.printf   0x00111974       0x34 C:/devkitPro/devkitARM/bin/../lib/gcc/arm-none-eabi/15.1.0/../../../../arm-none-eabi/lib/armv6k/fpu\libg.a(libc_a-printf.o)
                0x00111974                printf
 .text.strnlen  0x001119a8       0x3c C:/devkitPro/devkitARM/bin/../lib/gcc/arm-none-eabi/15.1.0/../../../../arm-none-eabi/lib/armv6k/fpu\libg.a(libc_a-strnlen.o)
                0x001119a8                strnlen
 .text.malloc   0x001119e4       0x40 C:/devkitPro/devkitARM/bin/../lib/gcc/arm-none-eabi/15.1.0/../../../../arm-none-eabi/lib/armv6k/fpu\libg.a(libc_a-malloc.o)
                0x001119e4                malloc
 .text.free     0x00111a24       0x20 C:/devkitPro/devkitARM/bin/../lib/gcc/arm-none-eabi/15.1.0/../../../../arm-none-eabi/lib/armv6k/fpu\libg.a(libc_a-malloc.o)
                0x00111a24                free
 .text.__sflush_r
                0x00111a44      0x22c C:/devkitPro/devkitARM/bin/../lib/gcc/arm-none-eabi/15.1.0/../../../../arm-none-eabi/lib/armv6k/fpu\libg.a(libc_a-fflush.o)
                0x00111a44                __sflush_r
 .text._fflush_r
                0x00111c70       0xc4 C:/devkitPro/devkitARM/bin/../lib/gcc/arm-none-eabi/15.1.0/../../../../arm-none-eabi/lib/armv6k/fpu\libg.a(libc_a-fflush.o)
                0x00111c70                _fflush_r
 .text.memset   0x00111d34       0xe4 C:/devkitPro/devkitARM/bin/../lib/gcc/arm-none-eabi/15.1.0/../../../../arm-none-eabi/lib/armv6k/fpu\libg.a(libc_a-memset.o)
                0x00111d34                memset
 .text._realloc_r
                0x00111e18      0x4f0 C:/devkitPro/devkitARM/bin/../lib/gcc/arm-none-eabi/15.1.0/../../../../arm-none-eabi/lib/armv6k/fpu\libg.a(libc_a-reallocr.o)
                0x00111e18                _realloc_r
 .text._fread_r
                0x00112308      0x334 C:/devkitPro/devkitARM/bin/../lib/gcc/arm-none-eabi/15.1.0/../../../../arm-none-eabi/lib/armv6k/fpu\libg.a(libc_a-fread.o)
                0x00112308                _fread_r
 .text.fread    0x0011263c       0x38 C:/devkitPro/devkitARM/bin/../lib/gcc/arm-none-eabi/15.1.0/../../../../arm-none-eabi/lib/armv6k/fpu\libg.a(libc_a-fread.o)
                0x0011263c                fread
 .text.__malloc_lock
                0x00112674        0xc C:/devkitPro/devkitARM/bin/../lib/gcc/arm-none-eabi/15.1.0/../../../../arm-none-eabi/lib/armv6k/fpu\libg.a(libc_a-mlock.o)
                0x00112674                __malloc_lock
 .text.__malloc_unlock
                0x00112680        0xc C:/devkitPro/devkitARM/bin/../lib/gcc/arm-none-eabi/15.1.0/../../../../arm-none-eabi/lib/armv6k/fpu\libg.a(libc_a-mlock.o)
                0x00112680                __malloc_unlock
 .text.__call_exitprocs
                0x0011268c        0x4 C:/devkitPro/devkitARM/bin/../lib/gcc/arm-none-eabi/15.1.0/../../../../arm-none-eabi/lib/armv6k/fpu\libg.a(libc_a-exit.o)
                0x0011268c                __call_exitprocs
 .text.exit     0x00112690       0x30 C:/devkitPro/devkitARM/bin/../lib/gcc/arm-none-eabi/15.1.0/../../../../arm-none-eabi/lib/armv6k/fpu\libg.a(libc_a-exit.o)
                0x00112690                exit
 .text.setvbuf  0x001126c0      0x294 C:/devkitPro/devkitARM/bin/../lib/gcc/arm-none-eabi/15.1.0/../../../../arm-none-eabi/lib/armv6k/fpu\libg.a(libc_a-setvbuf.o)
                0x001126c0                setvbuf
 .text._fopen_r
                0x00112954      0x134 C:/devkitPro/devkitARM/bin/../lib/gcc/arm-none-eabi/15.1.0/../../../../arm-none-eabi/lib/armv6k/fpu\libg.a(libc_a-fopen.o)
                0x00112954                _fopen_r
 .text.fopen    0x00112a88       0x28 C:/devkitPro/devkitARM/bin/../lib/gcc/arm-none-eabi/15.1.0/../../../../arm-none-eabi/lib/armv6k/fpu\libg.a(libc_a-fopen.o)
                0x00112a88                fopen
 .text.strncpy  0x00112ab0       0xd4 C:/devkitPro/devkitARM/bin/../lib/gcc/arm-none-eabi/15.1.0/../../../../arm-none-eabi/lib/armv6k/fpu\libg.a(libc_a-strncpy.o)
                0x00112ab0                strncpy
 .text.ftell    0x00112b84       0x34 C:/devkitPro/devkitARM/bin/../lib/gcc/arm-none-eabi/15.1.0/../../../../arm-none-eabi/lib/armv6k/fpu\libg.a(libc_a-ftell.o)
                0x00112b84                ftell
 .text.memcpy   0x00112bb8      0x12c C:/devkitPro/devkitARM/bin/../lib/gcc/arm-none-eabi/15.1.0/../../../../arm-none-eabi/lib/armv6k/fpu\libg.a(libc_a-memcpy-stub.o)
                0x00112bb8                memcpy
 .text._wcsrtombs_r
                0x00112ce4       0x28 C:/devkitPro/devkitARM/bin/../lib/gcc/arm-none-eabi/15.1.0/../../../../arm-none-eabi/lib/armv6k/fpu\libg.a(libc_a-wcsrtombs.o)
                0x00112ce4                _wcsrtombs_r
 .text.__sfvwrite_r
                0x00112d0c      0x4a4 C:/devkitPro/devkitARM/bin/../lib/gcc/arm-none-eabi/15.1.0/../../../../arm-none-eabi/lib/armv6k/fpu\libg.a(libc_a-fvwrite.o)
                0x00112d0c                __sfvwrite_r
 .text.__sread  0x001131b0       0x44 C:/devkitPro/devkitARM/bin/../lib/gcc/arm-none-eabi/15.1.0/../../../../arm-none-eabi/lib/armv6k/fpu\libg.a(libc_a-stdio.o)
                0x001131b0                __sread
 .text.__swrite
                0x001131f4       0x68 C:/devkitPro/devkitARM/bin/../lib/gcc/arm-none-eabi/15.1.0/../../../../arm-none-eabi/lib/armv6k/fpu\libg.a(libc_a-stdio.o)
                0x001131f4                __swrite
 .text.__sseek  0x0011325c       0x40 C:/devkitPro/devkitARM/bin/../lib/gcc/arm-none-eabi/15.1.0/../../../../arm-none-eabi/lib/armv6k/fpu\libg.a(libc_a-stdio.o)
                0x0011325c                __sseek
 .text.__sclose
                0x0011329c        0x8 C:/devkitPro/devkitARM/bin/../lib/gcc/arm-none-eabi/15.1.0/../../../../arm-none-eabi/lib/armv6k/fpu\libg.a(libc_a-stdio.o)
                0x0011329c                __sclose
 .text._raise_r
                0x001132a4       0x9c C:/devkitPro/devkitARM/bin/../lib/gcc/arm-none-eabi/15.1.0/../../../../arm-none-eabi/lib/armv6k/fpu\libg.a(libc_a-signal.o)
                0x001132a4                _raise_r
 .text.raise    0x00113340       0x20 C:/devkitPro/devkitARM/bin/../lib/gcc/arm-none-eabi/15.1.0/../../../../arm-none-eabi/lib/armv6k/fpu\libg.a(libc_a-signal.o)
                0x00113340                raise
 .text.get_arg  0x00113360      0x5e0 C:/devkitPro/devkitARM/bin/../lib/gcc/arm-none-eabi/15.1.0/../../../../arm-none-eabi/lib/armv6k/fpu\libg.a(libc_a-vfiprintf.o)
 .text._vfiprintf_r
                0x00113940     0x22f8 C:/devkitPro/devkitARM/bin/../lib/gcc/arm-none-eabi/15.1.0/../../../../arm-none-eabi/lib/armv6k/fpu\libg.a(libc_a-vfiprintf.o)
                0x00113940                _vfiprintf_r
 .text.__sbprintf
                0x00115c38       0xb4 C:/devkitPro/devkitARM/bin/../lib/gcc/arm-none-eabi/15.1.0/../../../../arm-none-eabi/lib/armv6k/fpu\libg.a(libc_a-vfiprintf.o)
 .text._memalign_r
                0x00115cec      0x16c C:/devkitPro/devkitARM/bin/../lib/gcc/arm-none-eabi/15.1.0/../../../../arm-none-eabi/lib/armv6k/fpu\libg.a(libc_a-malignr.o)
                0x00115cec                _memalign_r
 .text._wcsnrtombs_l
                0x00115e58      0x15c C:/devkitPro/devkitARM/bin/../lib/gcc/arm-none-eabi/15.1.0/../../../../arm-none-eabi/lib/armv6k/fpu\libg.a(libc_a-wcsnrtombs.o)
                0x00115e58                _wcsnrtombs_l
 .text._wcsnrtombs_r
                0x00115fb4       0x64 C:/devkitPro/devkitARM/bin/../lib/gcc/arm-none-eabi/15.1.0/../../../../arm-none-eabi/lib/armv6k/fpu\libg.a(libc_a-wcsnrtombs.o)
                0x00115fb4                _wcsnrtombs_r
 .text._fseeko_r
                0x00116018      0x588 C:/devkitPro/devkitARM/bin/../lib/gcc/arm-none-eabi/15.1.0/../../../../arm-none-eabi/lib/armv6k/fpu\libg.a(libc_a-fseeko.o)
                0x00116018                _fseeko_r
 .text.__sprint_r
                0x001165a0       0x30 C:/devkitPro/devkitARM/bin/../lib/gcc/arm-none-eabi/15.1.0/../../../../arm-none-eabi/lib/armv6k/fpu\libg.a(libc_a-sprint_r.o)
                0x001165a0                __sprint_r
 .text._localeconv_r
                0x001165d0       0x24 C:/devkitPro/devkitARM/bin/../lib/gcc/arm-none-eabi/15.1.0/../../../../arm-none-eabi/lib/armv6k/fpu\libg.a(libc_a-localeconv.o)
                0x001165d0                _localeconv_r
 .text.get_arg  0x001165f4      0x5e0 C:/devkitPro/devkitARM/bin/../lib/gcc/arm-none-eabi/15.1.0/../../../../arm-none-eabi/lib/armv6k/fpu\libg.a(libc_a-vfprintf.o)
 *fill*         0x00116bd4        0x4 
 .text._vfprintf_r
                0x00116bd8     0x3554 C:/devkitPro/devkitARM/bin/../lib/gcc/arm-none-eabi/15.1.0/../../../../arm-none-eabi/lib/armv6k/fpu\libg.a(libc_a-vfprintf.o)
                0x00116bd8                _vfprintf_r
 .text.__sbprintf
                0x0011a12c       0xb4 C:/devkitPro/devkitARM/bin/../lib/gcc/arm-none-eabi/15.1.0/../../../../arm-none-eabi/lib/armv6k/fpu\libg.a(libc_a-vfprintf.o)
 .text.memchr   0x0011a1e0       0xe8 C:/devkitPro/devkitARM/bin/../lib/gcc/arm-none-eabi/15.1.0/../../../../arm-none-eabi/lib/armv6k/fpu\libg.a(libc_a-memchr-stub.o)
                0x0011a1e0                memchr
 .text.quorem   0x0011a2c8      0x1c0 C:/devkitPro/devkitARM/bin/../lib/gcc/arm-none-eabi/15.1.0/../../../../arm-none-eabi/lib/armv6k/fpu\libg.a(libc_a-dtoa.o)
 .text._dtoa_r  0x0011a488     0x13f0 C:/devkitPro/devkitARM/bin/../lib/gcc/arm-none-eabi/15.1.0/../../../../arm-none-eabi/lib/armv6k/fpu\libg.a(libc_a-dtoa.o)
                0x0011a488                _dtoa_r
 .text._wcrtomb_r
                0x0011b878       0xa0 C:/devkitPro/devkitARM/bin/../lib/gcc/arm-none-eabi/15.1.0/../../../../arm-none-eabi/lib/armv6k/fpu\libg.a(libc_a-wcrtomb.o)
                0x0011b878                _wcrtomb_r
 .text.__sflags
                0x0011b918       0xb8 C:/devkitPro/devkitARM/bin/../lib/gcc/arm-none-eabi/15.1.0/../../../../arm-none-eabi/lib/armv6k/fpu\libg.a(libc_a-flags.o)
                0x0011b918                __sflags
 .text.__libc_fini_array
                0x0011b9d0       0x3c C:/devkitPro/devkitARM/bin/../lib/gcc/arm-none-eabi/15.1.0/../../../../arm-none-eabi/lib/armv6k/fpu\libg.a(libc_a-fini.o)
                0x0011b9d0                __libc_fini_array
 .text.lflush   0x0011ba0c       0x38 C:/devkitPro/devkitARM/bin/../lib/gcc/arm-none-eabi/15.1.0/../../../../arm-none-eabi/lib/armv6k/fpu\libg.a(libc_a-refill.o)
 .text.__srefill_r
                0x0011ba44      0x1a8 C:/devkitPro/devkitARM/bin/../lib/gcc/arm-none-eabi/15.1.0/../../../../arm-none-eabi/lib/armv6k/fpu\libg.a(libc_a-refill.o)
                0x0011ba44                __srefill_r
 .text.__smakebuf_r
                0x0011bbec      0x164 C:/devkitPro/devkitARM/bin/../lib/gcc/arm-none-eabi/15.1.0/../../../../arm-none-eabi/lib/armv6k/fpu\libg.a(libc_a-makebuf.o)
                0x0011bbec                __smakebuf_r
 .text.__swhatbuf_r
                0x0011bd50       0x90 C:/devkitPro/devkitARM/bin/../lib/gcc/arm-none-eabi/15.1.0/../../../../arm-none-eabi/lib/armv6k/fpu\libg.a(libc_a-makebuf.o)
                0x0011bd50                __swhatbuf_r
 .text._ftello_r
                0x0011bde0      0x1c4 C:/devkitPro/devkitARM/bin/../lib/gcc/arm-none-eabi/15.1.0/../../../../arm-none-eabi/lib/armv6k/fpu\libg.a(libc_a-ftello.o)
                0x0011bde0                _ftello_r
 .text.__swsetup_r
                0x0011bfa4      0x140 C:/devkitPro/devkitARM/bin/../lib/gcc/arm-none-eabi/15.1.0/../../../../arm-none-eabi/lib/armv6k/fpu\libg.a(libc_a-wsetup.o)
                0x0011bfa4                __swsetup_r
 *fill*         0x0011c0e4        0x4 
 .text.frexp    0x0011c0e8       0x88 C:/devkitPro/devkitARM/bin/../lib/gcc/arm-none-eabi/15.1.0/../../../../arm-none-eabi/lib/armv6k/fpu\libg.a(libm_a-s_frexp.o)
                0x0011c0e8                frexp
 .text._Balloc  0x0011c170       0x88 C:/devkitPro/devkitARM/bin/../lib/gcc/arm-none-eabi/15.1.0/../../../../arm-none-eabi/lib/armv6k/fpu\libg.a(libc_a-mprec.o)
                0x0011c170                _Balloc
 .text._Bfree   0x0011c1f8       0x1c C:/devkitPro/devkitARM/bin/../lib/gcc/arm-none-eabi/15.1.0/../../../../arm-none-eabi/lib/armv6k/fpu\libg.a(libc_a-mprec.o)
                0x0011c1f8                _Bfree
 .text.__multadd
                0x0011c214       0xf4 C:/devkitPro/devkitARM/bin/../lib/gcc/arm-none-eabi/15.1.0/../../../../arm-none-eabi/lib/armv6k/fpu\libg.a(libc_a-mprec.o)
                0x0011c214                __multadd
 .text.__hi0bits
                0x0011c308       0x80 C:/devkitPro/devkitARM/bin/../lib/gcc/arm-none-eabi/15.1.0/../../../../arm-none-eabi/lib/armv6k/fpu\libg.a(libc_a-mprec.o)
                0x0011c308                __hi0bits
 .text.__lo0bits
                0x0011c388       0xf0 C:/devkitPro/devkitARM/bin/../lib/gcc/arm-none-eabi/15.1.0/../../../../arm-none-eabi/lib/armv6k/fpu\libg.a(libc_a-mprec.o)
                0x0011c388                __lo0bits
 .text.__i2b    0x0011c478       0xa4 C:/devkitPro/devkitARM/bin/../lib/gcc/arm-none-eabi/15.1.0/../../../../arm-none-eabi/lib/armv6k/fpu\libg.a(libc_a-mprec.o)
                0x0011c478                __i2b
 .text.__multiply
                0x0011c51c      0x230 C:/devkitPro/devkitARM/bin/../lib/gcc/arm-none-eabi/15.1.0/../../../../arm-none-eabi/lib/armv6k/fpu\libg.a(libc_a-mprec.o)
                0x0011c51c                __multiply
 .text.__pow5mult
                0x0011c74c      0x130 C:/devkitPro/devkitARM/bin/../lib/gcc/arm-none-eabi/15.1.0/../../../../arm-none-eabi/lib/armv6k/fpu\libg.a(libc_a-mprec.o)
                0x0011c74c                __pow5mult
 .text.__lshift
                0x0011c87c      0x138 C:/devkitPro/devkitARM/bin/../lib/gcc/arm-none-eabi/15.1.0/../../../../arm-none-eabi/lib/armv6k/fpu\libg.a(libc_a-mprec.o)
                0x0011c87c                __lshift
 .text.__mcmp   0x0011c9b4       0x58 C:/devkitPro/devkitARM/bin/../lib/gcc/arm-none-eabi/15.1.0/../../../../arm-none-eabi/lib/armv6k/fpu\libg.a(libc_a-mprec.o)
                0x0011c9b4                __mcmp
 .text.__mdiff  0x0011ca0c      0x218 C:/devkitPro/devkitARM/bin/../lib/gcc/arm-none-eabi/15.1.0/../../../../arm-none-eabi/lib/armv6k/fpu\libg.a(libc_a-mprec.o)
                0x0011ca0c                __mdiff
 .text.__d2b    0x0011cc24      0x120 C:/devkitPro/devkitARM/bin/../lib/gcc/arm-none-eabi/15.1.0/../../../../arm-none-eabi/lib/armv6k/fpu\libg.a(libc_a-mprec.o)
                0x0011cc24                __d2b
 .text.__locale_mb_cur_max
                0x0011cd44       0x24 C:/devkitPro/devkitARM/bin/../lib/gcc/arm-none-eabi/15.1.0/../../../../arm-none-eabi/lib/armv6k/fpu\libg.a(libc_a-locale.o)
                0x0011cd44                __locale_mb_cur_max
 .text.__utf8_mbtowc
                0x0011cd68      0x340 C:/devkitPro/devkitARM/bin/../lib/gcc/arm-none-eabi/15.1.0/../../../../arm-none-eabi/lib/armv6k/fpu\libg.a(libc_a-mbtowc_r.o)
                0x0011cd68                __utf8_mbtowc
 .text._calloc_r
                0x0011d0a8       0xd8 C:/devkitPro/devkitARM/bin/../lib/gcc/arm-none-eabi/15.1.0/../../../../arm-none-eabi/lib/armv6k/fpu\libg.a(libc_a-callocr.o)
                0x0011d0a8                _calloc_r
 .text.__utf8_wctomb
                0x0011d180       0xf8 C:/devkitPro/devkitARM/bin/../lib/gcc/arm-none-eabi/15.1.0/../../../../arm-none-eabi/lib/armv6k/fpu\libg.a(libc_a-wctomb_r.o)
                0x0011d180                __utf8_wctomb
 .text.strchr   0x0011d278      0x140 C:/devkitPro/devkitARM/bin/../lib/gcc/arm-none-eabi/15.1.0/../../../../arm-none-eabi/lib/armv6k/fpu\libg.a(libc_a-strchr.o)
                0x0011d278                strchr
 .text._exit    0x0011d3b8       0x20 C:/devkitPro/devkitARM/bin/../lib/gcc/arm-none-eabi/15.1.0/../../../../arm-none-eabi/lib/armv6k/fpu\libsysbase.a(libsysbase_libsysbase_a-_exit.o)
                0x0011d3b8                _exit
 .text.chdir    0x0011d3d8      0x140 C:/devkitPro/devkitARM/bin/../lib/gcc/arm-none-eabi/15.1.0/../../../../arm-none-eabi/lib/armv6k/fpu\libsysbase.a(libsysbase_libsysbase_a-chdir.o)
                0x0011d3d8                chdir
 .text._concatenate_path
                0x0011d518      0x1c8 C:/devkitPro/devkitARM/bin/../lib/gcc/arm-none-eabi/15.1.0/../../../../arm-none-eabi/lib/armv6k/fpu\libsysbase.a(libsysbase_libsysbase_a-concatenate.o)
                0x0011d518                _concatenate_path
 .text._fstat_r
                0x0011d6e0       0x9c C:/devkitPro/devkitARM/bin/../lib/gcc/arm-none-eabi/15.1.0/../../../../arm-none-eabi/lib/armv6k/fpu\libsysbase.a(libsysbase_libsysbase_a-fstat.o)
                0x0011d6e0                _fstat_r
 .text._getpid_r
                0x0011d77c       0x14 C:/devkitPro/devkitARM/bin/../lib/gcc/arm-none-eabi/15.1.0/../../../../arm-none-eabi/lib/armv6k/fpu\libsysbase.a(libsysbase_libsysbase_a-getpid.o)
                0x0011d77c                _getpid_r
 .text.__getreent
                0x0011d790       0x2c C:/devkitPro/devkitARM/bin/../lib/gcc/arm-none-eabi/15.1.0/../../../../arm-none-eabi/lib/armv6k/fpu\libsysbase.a(libsysbase_libsysbase_a-getreent.o)
                0x0011d790                __getreent
 .text.__release_handle
                0x0011d7bc       0xa0 C:/devkitPro/devkitARM/bin/../lib/gcc/arm-none-eabi/15.1.0/../../../../arm-none-eabi/lib/armv6k/fpu\libsysbase.a(libsysbase_libsysbase_a-handle_manager.o)
                0x0011d7bc                __release_handle
 .text.__alloc_handle
                0x0011d85c       0xb0 C:/devkitPro/devkitARM/bin/../lib/gcc/arm-none-eabi/15.1.0/../../../../arm-none-eabi/lib/armv6k/fpu\libsysbase.a(libsysbase_libsysbase_a-handle_manager.o)
                0x0011d85c                __alloc_handle
 .text.__get_handle
                0x0011d90c       0x58 C:/devkitPro/devkitARM/bin/../lib/gcc/arm-none-eabi/15.1.0/../../../../arm-none-eabi/lib/armv6k/fpu\libsysbase.a(libsysbase_libsysbase_a-handle_manager.o)
                0x0011d90c                __get_handle
 .text._close_r
                0x0011d964      0x110 C:/devkitPro/devkitARM/bin/../lib/gcc/arm-none-eabi/15.1.0/../../../../arm-none-eabi/lib/armv6k/fpu\libsysbase.a(libsysbase_libsysbase_a-handle_manager.o)
                0x0011d964                _close_r
 .text.null_write
                0x0011da74        0x8 C:/devkitPro/devkitARM/bin/../lib/gcc/arm-none-eabi/15.1.0/../../../../arm-none-eabi/lib/armv6k/fpu\libsysbase.a(libsysbase_libsysbase_a-iosupport.o)
 .text.setDefaultDevice
                0x0011da7c       0x18 C:/devkitPro/devkitARM/bin/../lib/gcc/arm-none-eabi/15.1.0/../../../../arm-none-eabi/lib/armv6k/fpu\libsysbase.a(libsysbase_libsysbase_a-iosupport.o)
                0x0011da7c                setDefaultDevice
 .text.FindDevice
                0x0011da94       0xc4 C:/devkitPro/devkitARM/bin/../lib/gcc/arm-none-eabi/15.1.0/../../../../arm-none-eabi/lib/armv6k/fpu\libsysbase.a(libsysbase_libsysbase_a-iosupport.o)
                0x0011da94                FindDevice
 .text.RemoveDevice
                0x0011db58       0x28 C:/devkitPro/devkitARM/bin/../lib/gcc/arm-none-eabi/15.1.0/../../../../arm-none-eabi/lib/armv6k/fpu\libsysbase.a(libsysbase_libsysbase_a-iosupport.o)
                0x0011db58                RemoveDevice
 .text.AddDevice
                0x0011db80       0x98 C:/devkitPro/devkitARM/bin/../lib/gcc/arm-none-eabi/15.1.0/../../../../arm-none-eabi/lib/armv6k/fpu\libsysbase.a(libsysbase_libsysbase_a-iosupport.o)
                0x0011db80                AddDevice
 .text.GetDeviceOpTab
                0x0011dc18       0x20 C:/devkitPro/devkitARM/bin/../lib/gcc/arm-none-eabi/15.1.0/../../../../arm-none-eabi/lib/armv6k/fpu\libsysbase.a(libsysbase_libsysbase_a-iosupport.o)
                0x0011dc18                GetDeviceOpTab
 .text._isatty_r
                0x0011dc38        0x8 C:/devkitPro/devkitARM/bin/../lib/gcc/arm-none-eabi/15.1.0/../../../../arm-none-eabi/lib/armv6k/fpu\libsysbase.a(libsysbase_libsysbase_a-isatty.o)
                0x0011dc38                _isatty_r
 .text._kill_r  0x0011dc40       0x14 C:/devkitPro/devkitARM/bin/../lib/gcc/arm-none-eabi/15.1.0/../../../../arm-none-eabi/lib/armv6k/fpu\libsysbase.a(libsysbase_libsysbase_a-kill.o)
                0x0011dc40                _kill_r
 .text._lseek_r
                0x0011dc54       0x94 C:/devkitPro/devkitARM/bin/../lib/gcc/arm-none-eabi/15.1.0/../../../../arm-none-eabi/lib/armv6k/fpu\libsysbase.a(libsysbase_libsysbase_a-lseek.o)
                0x0011dc54                _lseek_r
 .text._open_r  0x0011dce8       0xc0 C:/devkitPro/devkitARM/bin/../lib/gcc/arm-none-eabi/15.1.0/../../../../arm-none-eabi/lib/armv6k/fpu\libsysbase.a(libsysbase_libsysbase_a-open.o)
                0x0011dce8                _open_r
 .text._read_r  0x0011dda8       0x94 C:/devkitPro/devkitARM/bin/../lib/gcc/arm-none-eabi/15.1.0/../../../../arm-none-eabi/lib/armv6k/fpu\libsysbase.a(libsysbase_libsysbase_a-read.o)
                0x0011dda8                _read_r
 .text._sbrk_r  0x0011de3c       0x78 C:/devkitPro/devkitARM/bin/../lib/gcc/arm-none-eabi/15.1.0/../../../../arm-none-eabi/lib/armv6k/fpu\libsysbase.a(libsysbase_libsysbase_a-sbrk.o)
                0x0011de3c                _sbrk_r
 .text.__libc_lock_acquire
                0x0011deb4       0x1c C:/devkitPro/devkitARM/bin/../lib/gcc/arm-none-eabi/15.1.0/../../../../arm-none-eabi/lib/armv6k/fpu\libsysbase.a(libsysbase_libsysbase_a-syscall_support.o)
                0x0011deb4                __libc_lock_acquire
 .text.__libc_lock_release
                0x0011ded0       0x1c C:/devkitPro/devkitARM/bin/../lib/gcc/arm-none-eabi/15.1.0/../../../../arm-none-eabi/lib/armv6k/fpu\libsysbase.a(libsysbase_libsysbase_a-syscall_support.o)
                0x0011ded0                __libc_lock_release
 .text.__libc_lock_acquire_recursive
                0x0011deec       0x1c C:/devkitPro/devkitARM/bin/../lib/gcc/arm-none-eabi/15.1.0/../../../../arm-none-eabi/lib/armv6k/fpu\libsysbase.a(libsysbase_libsysbase_a-syscall_support.o)
                0x0011deec                __libc_lock_acquire_recursive
 .text.__libc_lock_release_recursive
                0x0011df08       0x1c C:/devkitPro/devkitARM/bin/../lib/gcc/arm-none-eabi/15.1.0/../../../../arm-none-eabi/lib/armv6k/fpu\libsysbase.a(libsysbase_libsysbase_a-syscall_support.o)
                0x0011df08                __libc_lock_release_recursive
 .text._write_r
                0x0011df24       0x94 C:/devkitPro/devkitARM/bin/../lib/gcc/arm-none-eabi/15.1.0/../../../../arm-none-eabi/lib/armv6k/fpu\libsysbase.a(libsysbase_libsysbase_a-write.o)
                0x0011df24                _write_r
 .text.strrchr  0x0011dfb8       0x48 C:/devkitPro/devkitARM/bin/../lib/gcc/arm-none-eabi/15.1.0/../../../../arm-none-eabi/lib/armv6k/fpu\libg.a(libc_a-strrchr.o)
                0x0011dfb8                strrchr
 *(.glue_7)
 .glue_7        0x0011e000        0x0 linker stubs
 *(.glue_7t)
 .glue_7t       0x0011e000        0x0 linker stubs
 *(.stub)
 *(.gnu.warning)
 *(.gnu.linkonce.t*)
                0x0011e000                        . = ALIGN (0x4)
 *(.fini)
 .fini          0x0011e000        0xc C:/devkitPro/devkitARM/bin/../lib/gcc/arm-none-eabi/15.1.0/armv6k/fpu/crti.o
                0x0011e000                _fini
 .fini          0x0011e00c        0xc C:/devkitPro/devkitARM/bin/../lib/gcc/arm-none-eabi/15.1.0/armv6k/fpu/crtn.o
                0x0011e018                        . = ALIGN (0x4)

.vfp11_veneer   0x0011e018        0x0
 .vfp11_veneer  0x0011e018        0x0 linker stubs

.v4_bx          0x0011e018        0x0
 .v4_bx         0x0011e018        0x0 linker stubs

.iplt           0x0011e018        0x0
 .iplt          0x0011e018        0x0 C:/devkitPro/devkitARM/bin/../lib/gcc/arm-none-eabi/15.1.0/../../../../arm-none-eabi/lib/armv6k/fpu/3dsx_crt0.o
                0x0011f000                        . = ALIGN (0x1000)

.rodata         0x0011f000     0x39a4
 *(.rodata)
 .rodata        0x0011f000     0x1f60 libmp3player.o
 .rodata        0x00120f60        0xc C:/devkitPro/libctru/lib\libctru.a(archive_dev.o)
 *(.roda)
 *(.rodata.*)
 .rodata.str1.4
                0x00120f6c      0x854 libmp3player.o
                                0x62c (size before relaxing)
 .rodata.str1.4
                0x001217c0       0x5a main.o
 .rodata.consolePrintChar
                0x001217c0        0x6 C:/devkitPro/libctru/lib\libctru.a(console.o)
 .rodata.con_write
                0x001217c6      0x164 C:/devkitPro/libctru/lib\libctru.a(console.o)
 .rodata.str1.4
                0x0012192a       0x10 C:/devkitPro/libctru/lib\libctru.a(console.o)
 *fill*         0x0012192a        0x2 
 .rodata.dotab_stdout
                0x0012192c       0x80 C:/devkitPro/libctru/lib\libctru.a(console.o)
 .rodata.grayScale
                0x001219ac       0x18 C:/devkitPro/libctru/lib\libctru.a(console.o)
 .rodata.colorCube
                0x001219c4        0x6 C:/devkitPro/libctru/lib\libctru.a(console.o)
 *fill*         0x001219ca        0x2 
 .rodata.colorTable
                0x001219cc       0x30 C:/devkitPro/libctru/lib\libctru.a(console.o)
 .rodata.aptEventHandler
                0x001219fc        0xb C:/devkitPro/libctru/lib\libctru.a(apt.o)
 .rodata.aptWaitForWakeUp.isra.0
                0x00121a07       0x11 C:/devkitPro/libctru/lib\libctru.a(apt.o)
 .rodata.morton_y.2
                0x00121a18        0x8 C:/devkitPro/libctru/lib\libctru.a(apt.o)
 .rodata.morton_x.3
                0x00121a20        0x8 C:/devkitPro/libctru/lib\libctru.a(apt.o)
 .rodata.s_sleepWakeEvents.4
                0x00121a28        0x8 C:/devkitPro/libctru/lib\libctru.a(apt.o)
 .rodata.str1.4
                0x00121a30       0x16 C:/devkitPro/libctru/lib\libctru.a(apt.o)
 .rodata.serviceNameTable.5
                0x00121a30        0xc C:/devkitPro/libctru/lib\libctru.a(apt.o)
 .rodata.fsInit.str1.4
                0x00121a3c        0x8 C:/devkitPro/libctru/lib\libctru.a(fs.o)
 .rodata.gspInit.str1.4
                0x00121a3c        0x9 C:/devkitPro/libctru/lib\libctru.a(gspgpu.o)
 .rodata.hidInit.str1.4
                0x00121a3c       0x15 C:/devkitPro/libctru/lib\libctru.a(hid.o)
 .rodata.irrstInit.str1.4
                0x00121a3c        0x7 C:/devkitPro/libctru/lib\libctru.a(irrst.o)
 .rodata.__system_initArgv.str1.4
                0x00121a3c        0xa C:/devkitPro/libctru/lib\libctru.a(initArgv.o)
 .rodata.default_font_bin
                0x00121a3c      0x800 C:/devkitPro/libctru/lib\libctru.a(default_font.bin.o)
                0x00121a3c                default_font_bin
                0x0012223c                default_font_bin_end
 .rodata.srvInit.str1.4
                0x0012223c        0x5 C:/devkitPro/libctru/lib\libctru.a(srv.o)
 .rodata.ptmSysmInit.str1.4
                0x0012223c        0x9 C:/devkitPro/libctru/lib\libctru.a(ptmsysm.o)
 .rodata.archive_utf16path.str1.4
                0x0012223c        0x2 C:/devkitPro/libctru/lib\libctru.a(archive_dev.o)
 .rodata._archiveUnmountDeviceStruct.part.0.str1.4
                0x0012223c        0x2 C:/devkitPro/libctru/lib\libctru.a(archive_dev.o)
 .rodata._archiveMountDevice.str1.4
                0x0012223c        0xc C:/devkitPro/libctru/lib\libctru.a(archive_dev.o)
 .rodata.archiveMountSdmc.str1.4
                0x0012223c        0x5 C:/devkitPro/libctru/lib\libctru.a(archive_dev.o)
 .rodata.error_table
                0x0012223c       0x30 C:/devkitPro/libctru/lib\libctru.a(archive_dev.o)
 .rodata.str1.4
                0x0012226c        0x8 C:/devkitPro/libctru/lib\libctru.a(archive_dev.o)
 .rodata.archive_devoptab
                0x0012226c       0x80 C:/devkitPro/libctru/lib\libctru.a(archive_dev.o)
 .rodata.__assert_func.str1.4
                0x001222ec       0x43 C:/devkitPro/devkitARM/bin/../lib/gcc/arm-none-eabi/15.1.0/../../../../arm-none-eabi/lib/armv6k/fpu\libg.a(libc_a-assert.o)
 .rodata._puts_r.str1.4
                0x001222ec        0x2 C:/devkitPro/devkitARM/bin/../lib/gcc/arm-none-eabi/15.1.0/../../../../arm-none-eabi/lib/armv6k/fpu\libg.a(libc_a-puts.o)
 .rodata._ctype_
                0x001222ec      0x101 C:/devkitPro/devkitARM/bin/../lib/gcc/arm-none-eabi/15.1.0/../../../../arm-none-eabi/lib/armv6k/fpu\libg.a(libc_a-ctype_.o)
                0x001222ec                _ctype_
 *fill*         0x001223ed        0x1 
 .rodata.get_arg
                0x001223ee       0x34 C:/devkitPro/devkitARM/bin/../lib/gcc/arm-none-eabi/15.1.0/../../../../arm-none-eabi/lib/armv6k/fpu\libg.a(libc_a-vfiprintf.o)
 .rodata._vfiprintf_r.str1.1
                0x00122422       0x3b C:/devkitPro/devkitARM/bin/../lib/gcc/arm-none-eabi/15.1.0/../../../../arm-none-eabi/lib/armv6k/fpu\libg.a(libc_a-vfiprintf.o)
                                 0x29 (size before relaxing)
 *fill*         0x0012245d        0x1 
 .rodata._vfiprintf_r
                0x0012245e       0xb6 C:/devkitPro/devkitARM/bin/../lib/gcc/arm-none-eabi/15.1.0/../../../../arm-none-eabi/lib/armv6k/fpu\libg.a(libc_a-vfiprintf.o)
 .rodata.zeroes.0
                0x00122514       0x10 C:/devkitPro/devkitARM/bin/../lib/gcc/arm-none-eabi/15.1.0/../../../../arm-none-eabi/lib/armv6k/fpu\libg.a(libc_a-vfiprintf.o)
 .rodata.blanks.1
                0x00122524       0x10 C:/devkitPro/devkitARM/bin/../lib/gcc/arm-none-eabi/15.1.0/../../../../arm-none-eabi/lib/armv6k/fpu\libg.a(libc_a-vfiprintf.o)
 .rodata.get_arg
                0x00122534       0x34 C:/devkitPro/devkitARM/bin/../lib/gcc/arm-none-eabi/15.1.0/../../../../arm-none-eabi/lib/armv6k/fpu\libg.a(libc_a-vfprintf.o)
 .rodata._vfprintf_r.str1.1
                0x00122568       0x3b C:/devkitPro/devkitARM/bin/../lib/gcc/arm-none-eabi/15.1.0/../../../../arm-none-eabi/lib/armv6k/fpu\libg.a(libc_a-vfprintf.o)
 .rodata._vfprintf_r
                0x00122568       0xb6 C:/devkitPro/devkitARM/bin/../lib/gcc/arm-none-eabi/15.1.0/../../../../arm-none-eabi/lib/armv6k/fpu\libg.a(libc_a-vfprintf.o)
 *fill*         0x0012261e        0x2 
 .rodata.zeroes.0
                0x00122620       0x10 C:/devkitPro/devkitARM/bin/../lib/gcc/arm-none-eabi/15.1.0/../../../../arm-none-eabi/lib/armv6k/fpu\libg.a(libc_a-vfprintf.o)
 .rodata.blanks.1
                0x00122630       0x10 C:/devkitPro/devkitARM/bin/../lib/gcc/arm-none-eabi/15.1.0/../../../../arm-none-eabi/lib/armv6k/fpu\libg.a(libc_a-vfprintf.o)
 .rodata._dtoa_r.str1.4
                0x00122640       0x6a C:/devkitPro/devkitARM/bin/../lib/gcc/arm-none-eabi/15.1.0/../../../../arm-none-eabi/lib/armv6k/fpu\libg.a(libc_a-dtoa.o)
 .rodata._dtoa_r
                0x00122640        0x8 C:/devkitPro/devkitARM/bin/../lib/gcc/arm-none-eabi/15.1.0/../../../../arm-none-eabi/lib/armv6k/fpu\libg.a(libc_a-dtoa.o)
 .rodata.__action_table
                0x00122648       0x6c C:/devkitPro/devkitARM/bin/../lib/gcc/arm-none-eabi/15.1.0/../../../../arm-none-eabi/lib/armv6k/fpu\libg.a(libc_a-svfiprintf.o)
                0x00122648                __action_table
 .rodata.__state_table
                0x001226b4       0x6c C:/devkitPro/devkitARM/bin/../lib/gcc/arm-none-eabi/15.1.0/../../../../arm-none-eabi/lib/armv6k/fpu\libg.a(libc_a-svfiprintf.o)
                0x001226b4                __state_table
 .rodata.__chclass
                0x00122720      0x100 C:/devkitPro/devkitARM/bin/../lib/gcc/arm-none-eabi/15.1.0/../../../../arm-none-eabi/lib/armv6k/fpu\libg.a(libc_a-svfiprintf.o)
                0x00122720                __chclass
 .rodata.__multadd.str1.4
                0x00122820       0x57 C:/devkitPro/devkitARM/bin/../lib/gcc/arm-none-eabi/15.1.0/../../../../arm-none-eabi/lib/armv6k/fpu\libg.a(libc_a-mprec.o)
 .rodata.p05.0  0x00122820        0xc C:/devkitPro/devkitARM/bin/../lib/gcc/arm-none-eabi/15.1.0/../../../../arm-none-eabi/lib/armv6k/fpu\libg.a(libc_a-mprec.o)
 *fill*         0x0012282c        0x4 
 .rodata.__mprec_bigtens
                0x00122830       0x28 C:/devkitPro/devkitARM/bin/../lib/gcc/arm-none-eabi/15.1.0/../../../../arm-none-eabi/lib/armv6k/fpu\libg.a(libc_a-mprec.o)
                0x00122830                __mprec_bigtens
 .rodata.__mprec_tens
                0x00122858       0xc8 C:/devkitPro/devkitARM/bin/../lib/gcc/arm-none-eabi/15.1.0/../../../../arm-none-eabi/lib/armv6k/fpu\libg.a(libc_a-mprec.o)
                0x00122858                __mprec_tens
 .rodata.str1.4
                0x00122920       0x4c C:/devkitPro/devkitARM/bin/../lib/gcc/arm-none-eabi/15.1.0/../../../../arm-none-eabi/lib/armv6k/fpu\libg.a(libc_a-locale.o)
 .rodata.AddDevice.str1.4
                0x00122920        0x8 C:/devkitPro/devkitARM/bin/../lib/gcc/arm-none-eabi/15.1.0/../../../../arm-none-eabi/lib/armv6k/fpu\libsysbase.a(libsysbase_libsysbase_a-iosupport.o)
 .rodata.dotab_stdnull
                0x00122920       0x80 C:/devkitPro/devkitARM/bin/../lib/gcc/arm-none-eabi/15.1.0/../../../../arm-none-eabi/lib/armv6k/fpu\libsysbase.a(libsysbase_libsysbase_a-iosupport.o)
                0x00122920                dotab_stdnull
 *all.rodata*(*)
 *(.gnu.linkonce.r*)
                0x001229a0                        . = ALIGN (0x4)
                0x001229a0                        __tdata_align = .
                0x001229a0        0x4 LONG 0x4 ALIGNOF (.tdata)
                0x001229a4                        . = ALIGN (0x4)

.eh_frame       0x001229a4        0x0
 .eh_frame      0x001229a4        0x0 C:/devkitPro/devkitARM/bin/../lib/gcc/arm-none-eabi/15.1.0/armv6k/fpu/crtbegin.o

.rel.dyn        0x001229a4        0x0
 .rel.iplt      0x001229a4        0x0 C:/devkitPro/devkitARM/bin/../lib/gcc/arm-none-eabi/15.1.0/../../../../arm-none-eabi/lib/armv6k/fpu/3dsx_crt0.o
 .rel.got       0x001229a4        0x0 C:/devkitPro/devkitARM/bin/../lib/gcc/arm-none-eabi/15.1.0/../../../../arm-none-eabi/lib/armv6k/fpu/3dsx_crt0.o

.ARM.extab
 *(.ARM.extab* .gnu.linkonce.armextab.*)
                0x001229a4                        __exidx_start = .

.ARM.exidx
 *(.ARM.exidx* .gnu.linkonce.armexidx.*)
                0x001229a4                        __exidx_end = .
                0x00123000                        . = ALIGN (0x1000)

.data           0x00123000     0x1bec
 *(.data)
 *(.data.*)
 .data.firstConsoleInit.0
                0x00123000        0x1 C:/devkitPro/libctru/lib\libctru.a(console.o)
 *fill*         0x00123001        0x3 
 .data.currentConsole
                0x00123004        0x4 C:/devkitPro/libctru/lib\libctru.a(console.o)
                0x00123004                currentConsole
 .data.defaultConsole
                0x00123008       0x48 C:/devkitPro/libctru/lib\libctru.a(console.o)
                0x00123008                defaultConsole
 .data.aptChainloadDeliverArgSize
                0x00123050        0x4 C:/devkitPro/libctru/lib\libctru.a(apt.o)
 .data.kCount   0x00123054        0x4 C:/devkitPro/libctru/lib\libctru.a(hid.o)
 .data.kInterval
                0x00123058        0x4 C:/devkitPro/libctru/lib\libctru.a(hid.o)
 .data.kDelay   0x0012305c        0x4 C:/devkitPro/libctru/lib\libctru.a(hid.o)
 .data.__stacksize__
                0x00123060        0x4 C:/devkitPro/libctru/lib\libctru.a(stack_adjust.o)
                0x00123060                __stacksize__
 .data.__sglue  0x00123064        0xc C:/devkitPro/devkitARM/bin/../lib/gcc/arm-none-eabi/15.1.0/../../../../arm-none-eabi/lib/armv6k/fpu\libg.a(libc_a-findfp.o)
                0x00123064                __sglue
 .data.__malloc_sbrk_base
                0x00123070        0x4 C:/devkitPro/devkitARM/bin/../lib/gcc/arm-none-eabi/15.1.0/../../../../arm-none-eabi/lib/armv6k/fpu\libg.a(libc_a-mallocr.o)
                0x00123070                __malloc_sbrk_base
 .data.__malloc_trim_threshold
                0x00123074        0x4 C:/devkitPro/devkitARM/bin/../lib/gcc/arm-none-eabi/15.1.0/../../../../arm-none-eabi/lib/armv6k/fpu\libg.a(libc_a-mallocr.o)
                0x00123074                __malloc_trim_threshold
 .data.__malloc_av_
                0x00123078      0x408 C:/devkitPro/devkitARM/bin/../lib/gcc/arm-none-eabi/15.1.0/../../../../arm-none-eabi/lib/armv6k/fpu\libg.a(libc_a-mallocr.o)
                0x00123078                __malloc_av_
 .data._impure_ptr
                0x00123480        0x4 C:/devkitPro/devkitARM/bin/../lib/gcc/arm-none-eabi/15.1.0/../../../../arm-none-eabi/lib/armv6k/fpu\libg.a(libc_a-impure.o)
                0x00123480                _impure_ptr
 *fill*         0x00123484        0x4 
 .data._impure_data
                0x00123488      0x140 C:/devkitPro/devkitARM/bin/../lib/gcc/arm-none-eabi/15.1.0/../../../../arm-none-eabi/lib/armv6k/fpu\libg.a(libc_a-impure.o)
                0x00123488                _impure_data
 .data.__global_locale
                0x001235c8      0x16c C:/devkitPro/devkitARM/bin/../lib/gcc/arm-none-eabi/15.1.0/../../../../arm-none-eabi/lib/armv6k/fpu\libg.a(libc_a-locale.o)
                0x001235c8                __global_locale
 .data._current_working_directory
                0x00123734      0x400 C:/devkitPro/devkitARM/bin/../lib/gcc/arm-none-eabi/15.1.0/../../../../arm-none-eabi/lib/armv6k/fpu\libsysbase.a(libsysbase_libsysbase_a-chdir.o)
 *fill*         0x00123b34        0x4 
 .data.handles  0x00123b38     0x1000 C:/devkitPro/devkitARM/bin/../lib/gcc/arm-none-eabi/15.1.0/../../../../arm-none-eabi/lib/armv6k/fpu\libsysbase.a(libsysbase_libsysbase_a-handle_manager.o)
 .data.__stderr_handle
                0x00124b38        0xc C:/devkitPro/devkitARM/bin/../lib/gcc/arm-none-eabi/15.1.0/../../../../arm-none-eabi/lib/armv6k/fpu\libsysbase.a(libsysbase_libsysbase_a-handle_manager.o)
 .data.__stdout_handle
                0x00124b44        0xc C:/devkitPro/devkitARM/bin/../lib/gcc/arm-none-eabi/15.1.0/../../../../arm-none-eabi/lib/armv6k/fpu\libsysbase.a(libsysbase_libsysbase_a-handle_manager.o)
 .data.__stdin_handle
                0x00124b50        0xc C:/devkitPro/devkitARM/bin/../lib/gcc/arm-none-eabi/15.1.0/../../../../arm-none-eabi/lib/armv6k/fpu\libsysbase.a(libsysbase_libsysbase_a-handle_manager.o)
 .data.devoptab_list
                0x00124b5c       0x8c C:/devkitPro/devkitARM/bin/../lib/gcc/arm-none-eabi/15.1.0/../../../../arm-none-eabi/lib/armv6k/fpu\libsysbase.a(libsysbase_libsysbase_a-iosupport.o)
                0x00124b5c                devoptab_list
 .data.defaultDevice
                0x00124be8        0x4 C:/devkitPro/devkitARM/bin/../lib/gcc/arm-none-eabi/15.1.0/../../../../arm-none-eabi/lib/armv6k/fpu\libsysbase.a(libsysbase_libsysbase_a-iosupport.o)
 *(.gnu.linkonce.d*)
                0x00124bec                        . = ALIGN (0x4)

.igot.plt       0x00124bec        0x0
 .igot.plt      0x00124bec        0x0 C:/devkitPro/devkitARM/bin/../lib/gcc/arm-none-eabi/15.1.0/../../../../arm-none-eabi/lib/armv6k/fpu/3dsx_crt0.o

.got            0x00124bec        0x8
 .got           0x00124bec        0x8 C:/devkitPro/devkitARM/bin/../lib/gcc/arm-none-eabi/15.1.0/../../../../arm-none-eabi/lib/armv6k/fpu/3dsx_crt0.o

.got.plt        0x00124bf4        0xc
 .got.plt       0x00124bf4        0xc C:/devkitPro/devkitARM/bin/../lib/gcc/arm-none-eabi/15.1.0/../../../../arm-none-eabi/lib/armv6k/fpu/3dsx_crt0.o
                0x00124bf4                _GLOBAL_OFFSET_TABLE_

.tdata          0x00124c00        0x0
                0x00124c00                        __tdata_lma = .
 *(.tdata)
 *(.tdata.*)
 *(.gnu.linkonce.td.*)
                0x00124c00                        . = ALIGN (0x4)
                0x00124c00                        __tdata_lma_end = .

.tbss           0x00124c00      0xc08
 *(.tbss)
 *(.tbss.*)
 .tbss.__ctru_dev_utf16_buf
                0x00124c00      0x802 C:/devkitPro/libctru/lib\libctru.a(path_buf.o)
                0x00124c00                __ctru_dev_utf16_buf
 *fill*         0x00125402        0x2 
 .tbss.__ctru_dev_path_buf
                0x00125404      0x401 C:/devkitPro/libctru/lib\libctru.a(path_buf.o)
                0x00125404                __ctru_dev_path_buf
 *(.gnu.linkonce.tb.*)
 *(.tcommon)
                0x00125808                        . = ALIGN (0x4)
 *fill*         0x00125805        0x3 

.preinit_array  0x00124c00        0x0
                0x00124c00                        PROVIDE (__preinit_array_start = .)
 *(.preinit_array)
                0x00124c00                        PROVIDE (__preinit_array_end = .)

.init_array     0x00124c00        0x4
                0x00124c00                        PROVIDE (__init_array_start = .)
 *(SORT_BY_NAME(.init_array.*))
 *(.init_array)
 .init_array    0x00124c00        0x4 C:/devkitPro/devkitARM/bin/../lib/gcc/arm-none-eabi/15.1.0/armv6k/fpu/crtbegin.o
                0x00124c04                        PROVIDE (__init_array_end = .)

.fini_array     0x00124c04        0x4
                0x00124c04                        PROVIDE (__fini_array_start = .)
 *(.fini_array)
 .fini_array    0x00124c04        0x4 C:/devkitPro/devkitARM/bin/../lib/gcc/arm-none-eabi/15.1.0/armv6k/fpu/crtbegin.o
 *(SORT_BY_NAME(.fini_array.*))
                0x00124c08                        PROVIDE (__fini_array_end = .)

.ctors
 *crtbegin.o(.ctors)
 *(EXCLUDE_FILE(*crtend.o) .ctors)
 *(SORT_BY_NAME(.ctors.*))
 *(.ctors)

.dtors
 *crtbegin.o(.dtors)
 *(EXCLUDE_FILE(*crtend.o) .dtors)
 *(SORT_BY_NAME(.dtors.*))
 *(.dtors)
                0x00124c08                        __bss_start__ = .

.bss            0x00124c08     0x79d4
 *(.dynbss)
 *(.bss)
 .bss           0x00124c08     0x3ee8 libmp3player.o
 *(.bss.*)
 .bss.completed.1
                0x00128af0        0x1 C:/devkitPro/devkitARM/bin/../lib/gcc/arm-none-eabi/15.1.0/armv6k/fpu/crtbegin.o
 *fill*         0x00128af1        0x3 
 .bss.object.0  0x00128af4       0x18 C:/devkitPro/devkitARM/bin/../lib/gcc/arm-none-eabi/15.1.0/armv6k/fpu/crtbegin.o
 *fill*         0x00128b0c        0x4 
 .bss._ZL11sLinearPool
                0x00128b10        0x8 C:/devkitPro/libctru/lib\libctru.a(linear.o)
 .bss._ZL8sAddrMap
                0x00128b18        0xc C:/devkitPro/libctru/lib\libctru.a(linear.o)
 .bss.escapeSeq
                0x00128b24       0x64 C:/devkitPro/libctru/lib\libctru.a(console.o)
 .bss.currentCopy
                0x00128b88       0x48 C:/devkitPro/libctru/lib\libctru.a(console.o)
                0x00128b88                currentCopy
 .bss.screenAlloc
                0x00128bd0        0x4 C:/devkitPro/libctru/lib\libctru.a(gfx.o)
 .bss.screenFree
                0x00128bd4        0x4 C:/devkitPro/libctru/lib\libctru.a(gfx.o)
 .bss.gfxIsDoubleBuf
                0x00128bd8        0x2 C:/devkitPro/libctru/lib\libctru.a(gfx.o)
 *fill*         0x00128bda        0x2 
 .bss.gfxCurBuf
                0x00128bdc        0x2 C:/devkitPro/libctru/lib\libctru.a(gfx.o)
 .bss.gfxIsVram
                0x00128bde        0x1 C:/devkitPro/libctru/lib\libctru.a(gfx.o)
 .bss.gfxTopMode
                0x00128bdf        0x1 C:/devkitPro/libctru/lib\libctru.a(gfx.o)
 .bss.gfxFramebufferFormats
                0x00128be0        0x2 C:/devkitPro/libctru/lib\libctru.a(gfx.o)
 *fill*         0x00128be2        0x2 
 .bss.gfxBottomFramebufferMaxSize
                0x00128be4        0x4 C:/devkitPro/libctru/lib\libctru.a(gfx.o)
 .bss.gfxTopFramebufferMaxSize
                0x00128be8        0x4 C:/devkitPro/libctru/lib\libctru.a(gfx.o)
 *fill*         0x00128bec        0x4 
 .bss.gfxBottomFramebuffers
                0x00128bf0        0x8 C:/devkitPro/libctru/lib\libctru.a(gfx.o)
 .bss.gfxTopFramebuffers
                0x00128bf8        0x8 C:/devkitPro/libctru/lib\libctru.a(gfx.o)
 .bss.ndspMaster
                0x00128c00       0x48 C:/devkitPro/libctru/lib\libctru.a(ndsp.o)
 .bss.ndspChn   0x00128c48      0xc60 C:/devkitPro/libctru/lib\libctru.a(ndsp-channel.o)
 .bss.flagValue.0
                0x001298a8        0x1 C:/devkitPro/libctru/lib\libctru.a(apt.o)
 .bss.flagInit.1
                0x001298a9        0x1 C:/devkitPro/libctru/lib\libctru.a(apt.o)
 *fill*         0x001298aa        0x2 
 .bss.serviceName.6
                0x001298ac        0x4 C:/devkitPro/libctru/lib\libctru.a(apt.o)
 .bss.aptChainloadFlags
                0x001298b0        0x1 C:/devkitPro/libctru/lib\libctru.a(apt.o)
 .bss.aptChainloadMediatype
                0x001298b1        0x1 C:/devkitPro/libctru/lib\libctru.a(apt.o)
 *fill*         0x001298b2        0x2 
 .bss.aptChainloadHmac
                0x001298b4       0x20 C:/devkitPro/libctru/lib\libctru.a(apt.o)
 .bss.aptChainloadDeliverArg
                0x001298d4      0x300 C:/devkitPro/libctru/lib\libctru.a(apt.o)
 *fill*         0x00129bd4        0x4 
 .bss.aptChainloadTid
                0x00129bd8        0x8 C:/devkitPro/libctru/lib\libctru.a(apt.o)
 .bss.aptParameters
                0x00129be0     0x1000 C:/devkitPro/libctru/lib\libctru.a(apt.o)
 .bss.aptFlags  0x0012abe0        0x4 C:/devkitPro/libctru/lib\libctru.a(apt.o)
 .bss.aptHomeButtonState
                0x0012abe4        0x1 C:/devkitPro/libctru/lib\libctru.a(apt.o)
 *fill*         0x0012abe5        0x3 
 .bss.aptMessageFuncData
                0x0012abe8        0x4 C:/devkitPro/libctru/lib\libctru.a(apt.o)
 .bss.aptMessageFunc
                0x0012abec        0x4 C:/devkitPro/libctru/lib\libctru.a(apt.o)
 .bss.aptFirstHook
                0x0012abf0        0xc C:/devkitPro/libctru/lib\libctru.a(apt.o)
 .bss.aptEventHandlerThreadQuit
                0x0012abfc        0x1 C:/devkitPro/libctru/lib\libctru.a(apt.o)
 *fill*         0x0012abfd        0x3 
 .bss.aptEventHandlerThread
                0x0012ac00        0x4 C:/devkitPro/libctru/lib\libctru.a(apt.o)
 .bss.aptSleepEvent
                0x0012ac04        0x8 C:/devkitPro/libctru/lib\libctru.a(apt.o)
 .bss.aptReceiveEvent
                0x0012ac0c        0x8 C:/devkitPro/libctru/lib\libctru.a(apt.o)
 .bss.aptEvents
                0x0012ac14        0x8 C:/devkitPro/libctru/lib\libctru.a(apt.o)
 .bss.aptLockHandle
                0x0012ac1c        0x4 C:/devkitPro/libctru/lib\libctru.a(apt.o)
 .bss.aptRefCount